Archive member included to satisfy reference by file (symbol)

/usr/local/mcuxpressoide-10.3.0_2200/ide/plugins/com.nxp.mcuxpresso.tools.linux_10.3.0.201811011841/tools/bin/../lib/gcc/arm-none-eabi/7.3.1/../../../../arm-none-eabi/lib/thumb/v6-m/libcr_semihost_nf.a(_cr__main.o)
                              ./startup/startup_lpc824.o (__main)
/usr/local/mcuxpressoide-10.3.0_2200/ide/plugins/com.nxp.mcuxpresso.tools.linux_10.3.0.201811011841/tools/bin/../lib/gcc/arm-none-eabi/7.3.1/../../../../arm-none-eabi/lib/thumb/v6-m/libcr_semihost_nf.a(_cr_assert.o)
                              ./drivers/fsl_clock.o (__assertion_failed)
/usr/local/mcuxpressoide-10.3.0_2200/ide/plugins/com.nxp.mcuxpresso.tools.linux_10.3.0.201811011841/tools/bin/../lib/gcc/arm-none-eabi/7.3.1/../../../../arm-none-eabi/lib/thumb/v6-m/libcr_semihost_nf.a(__ciob.o)
                              /usr/local/mcuxpressoide-10.3.0_2200/ide/plugins/com.nxp.mcuxpresso.tools.linux_10.3.0.201811011841/tools/bin/../lib/gcc/arm-none-eabi/7.3.1/../../../../arm-none-eabi/lib/thumb/v6-m/libcr_semihost_nf.a(_cr_assert.o) (__Ciob)
/usr/local/mcuxpressoide-10.3.0_2200/ide/plugins/com.nxp.mcuxpresso.tools.linux_10.3.0.201811011841/tools/bin/../lib/gcc/arm-none-eabi/7.3.1/../../../../arm-none-eabi/lib/thumb/v6-m/libcr_semihost_nf.a(__sys_appexit.o)
                              /usr/local/mcuxpressoide-10.3.0_2200/ide/plugins/com.nxp.mcuxpresso.tools.linux_10.3.0.201811011841/tools/bin/../lib/gcc/arm-none-eabi/7.3.1/../../../../arm-none-eabi/lib/thumb/v6-m/libcr_semihost_nf.a(_cr_assert.o) (__sys_appexit)
/usr/local/mcuxpressoide-10.3.0_2200/ide/plugins/com.nxp.mcuxpresso.tools.linux_10.3.0.201811011841/tools/bin/../lib/gcc/arm-none-eabi/7.3.1/../../../../arm-none-eabi/lib/thumb/v6-m/libcr_c.a(memcpy.o)
                              ./source/LPC824_Project.o (memcpy)
/usr/local/mcuxpressoide-10.3.0_2200/ide/plugins/com.nxp.mcuxpresso.tools.linux_10.3.0.201811011841/tools/bin/../lib/gcc/arm-none-eabi/7.3.1/../../../../arm-none-eabi/lib/thumb/v6-m/libcr_c.a(memset.o)
                              ./drivers/fsl_dma.o (memset)
/usr/local/mcuxpressoide-10.3.0_2200/ide/plugins/com.nxp.mcuxpresso.tools.linux_10.3.0.201811011841/tools/bin/../lib/gcc/arm-none-eabi/7.3.1/../../../../arm-none-eabi/lib/thumb/v6-m/libcr_c.a(_deferredlazyseek.o)
                              /usr/local/mcuxpressoide-10.3.0_2200/ide/plugins/com.nxp.mcuxpresso.tools.linux_10.3.0.201811011841/tools/bin/../lib/gcc/arm-none-eabi/7.3.1/../../../../arm-none-eabi/lib/thumb/v6-m/libcr_semihost_nf.a(_cr_assert.o) (__flsbuf)
/usr/local/mcuxpressoide-10.3.0_2200/ide/plugins/com.nxp.mcuxpresso.tools.linux_10.3.0.201811011841/tools/bin/../lib/gcc/arm-none-eabi/7.3.1/../../../../arm-none-eabi/lib/thumb/v6-m/libcr_c.a(_fflush.o)
                              /usr/local/mcuxpressoide-10.3.0_2200/ide/plugins/com.nxp.mcuxpresso.tools.linux_10.3.0.201811011841/tools/bin/../lib/gcc/arm-none-eabi/7.3.1/../../../../arm-none-eabi/lib/thumb/v6-m/libcr_c.a(_deferredlazyseek.o) (_fflush)
/usr/local/mcuxpressoide-10.3.0_2200/ide/plugins/com.nxp.mcuxpresso.tools.linux_10.3.0.201811011841/tools/bin/../lib/gcc/arm-none-eabi/7.3.1/../../../../arm-none-eabi/lib/thumb/v6-m/libcr_c.a(_writebuf.o)
                              /usr/local/mcuxpressoide-10.3.0_2200/ide/plugins/com.nxp.mcuxpresso.tools.linux_10.3.0.201811011841/tools/bin/../lib/gcc/arm-none-eabi/7.3.1/../../../../arm-none-eabi/lib/thumb/v6-m/libcr_c.a(_deferredlazyseek.o) (_Cwritebuf)
/usr/local/mcuxpressoide-10.3.0_2200/ide/plugins/com.nxp.mcuxpresso.tools.linux_10.3.0.201811011841/tools/bin/../lib/gcc/arm-none-eabi/7.3.1/../../../../arm-none-eabi/lib/thumb/v6-m/libcr_c.a(alloc.o)
                              ./drivers/fsl_common.o (malloc)
/usr/local/mcuxpressoide-10.3.0_2200/ide/plugins/com.nxp.mcuxpresso.tools.linux_10.3.0.201811011841/tools/bin/../lib/gcc/arm-none-eabi/7.3.1/../../../../arm-none-eabi/lib/thumb/v6-m/libcr_c.a(fputs.o)
                              /usr/local/mcuxpressoide-10.3.0_2200/ide/plugins/com.nxp.mcuxpresso.tools.linux_10.3.0.201811011841/tools/bin/../lib/gcc/arm-none-eabi/7.3.1/../../../../arm-none-eabi/lib/thumb/v6-m/libcr_semihost_nf.a(_cr_assert.o) (fputs)
/usr/local/mcuxpressoide-10.3.0_2200/ide/plugins/com.nxp.mcuxpresso.tools.linux_10.3.0.201811011841/tools/bin/../lib/gcc/arm-none-eabi/7.3.1/../../../../arm-none-eabi/lib/thumb/v6-m/libcr_c.a(fseek.o)
                              /usr/local/mcuxpressoide-10.3.0_2200/ide/plugins/com.nxp.mcuxpresso.tools.linux_10.3.0.201811011841/tools/bin/../lib/gcc/arm-none-eabi/7.3.1/../../../../arm-none-eabi/lib/thumb/v6-m/libcr_c.a(_deferredlazyseek.o) (fseek)
/usr/local/mcuxpressoide-10.3.0_2200/ide/plugins/com.nxp.mcuxpresso.tools.linux_10.3.0.201811011841/tools/bin/../lib/gcc/arm-none-eabi/7.3.1/../../../../arm-none-eabi/lib/thumb/v6-m/libcr_c.a(ftell.o)
[...]
Memory Configuration

Name             Origin             Length             Attributes
PROGRAM_FLASH    0x0000000000000000 0x0000000000008000 xr
SRAM             0x0000000010000000 0x0000000000002000 xrw
*default*        0x0000000000000000 0xffffffffffffffff

Linker script and memory map

LOAD ./utilities/fsl_debug_console.o
LOAD ./startup/startup_lpc824.o
LOAD ./source/LPC824_Project.o
LOAD ./source/mtb.o
LOAD ./source/semihost_hardfault.o
LOAD ./drivers/fsl_clock.o
LOAD ./drivers/fsl_common.o
LOAD ./drivers/fsl_dma.o
LOAD ./drivers/fsl_gpio.o
LOAD ./drivers/fsl_power.o
LOAD ./drivers/fsl_reset.o
LOAD ./drivers/fsl_spi.o
LOAD ./drivers/fsl_swm.o
LOAD ./drivers/fsl_usart.o
LOAD ./device/system_LPC824.o
LOAD ./component/uart/miniusart_adapter.o
LOAD ./board/board.o
LOAD ./board/clock_config.o
LOAD ./board/peripherals.o
LOAD ./board/pin_mux.o
START GROUP
LOAD /usr/local/mcuxpressoide-10.3.0_2200/ide/plugins/com.nxp.mcuxpresso.tools.linux_10.3.0.201811011841/tools/bin/../lib/gcc/arm-none-eabi/7.3.1/../../../../arm-none-eabi/lib/thumb/v6-m/libcr_semihost_nf.a
LOAD /usr/local/mcuxpressoide-10.3.0_2200/ide/plugins/com.nxp.mcuxpresso.tools.linux_10.3.0.201811011841/tools/bin/../lib/gcc/arm-none-eabi/7.3.1/../../../../arm-none-eabi/lib/thumb/v6-m/libcr_c.a
LOAD /usr/local/mcuxpressoide-10.3.0_2200/ide/plugins/com.nxp.mcuxpresso.tools.linux_10.3.0.201811011841/tools/bin/../lib/gcc/arm-none-eabi/7.3.1/thumb/v6-m/libcr_eabihelpers.a
END GROUP
                0x0000000000000000                __base_PROGRAM_FLASH = 0x0
                0x0000000000000000                __base_Flash = 0x0
                0x0000000000008000                __top_PROGRAM_FLASH = 0x8000
                0x0000000000008000                __top_Flash = 0x8000
                0x0000000010000000                __base_SRAM = 0x10000000
                0x0000000010000000                __base_RAM = 0x10000000
                0x0000000010002000                __top_SRAM = 0x10002000
                0x0000000010002000                __top_RAM = 0x10002000

.text           0x0000000000000000     0x3f2c
 FILL mask 0xff
                0x0000000000000000                __vectors_start__ = ABSOLUTE (.)
 *(SORT_BY_ALIGNMENT(.isr_vector))
 .isr_vector    0x0000000000000000       0xc0 ./startup/startup_lpc824.o
                0x0000000000000000                __Vectors
                0x0000000000000000                g_pfnVectors
                0x00000000000000c0                . = ALIGN (0x4)
                0x00000000000000c0                __section_table_start = .
                0x00000000000000c0                __data_section_table = .
                0x00000000000000c0        0x4 LONG 0x3f2c LOADADDR (.data)
                0x00000000000000c4        0x4 LONG 0x10000080 ADDR (.data)
                0x00000000000000c8        0x4 LONG 0x74 SIZEOF (.data)
                0x00000000000000cc                __data_section_table_end = .
                0x00000000000000cc                __bss_section_table = .
                0x00000000000000cc        0x4 LONG 0x100000f4 ADDR (.bss)
                0x00000000000000d0        0x4 LONG 0x1bc SIZEOF (.bss)
                0x00000000000000d4                __bss_section_table_end = .
                0x00000000000000d4                __section_table_end = .
 *(SORT_BY_ALIGNMENT(.after_vectors*))
 .after_vectors.reset
                0x00000000000000d4       0x4c ./startup/startup_lpc824.o
                0x00000000000000d4                ResetISR
 .after_vectors.init_data
                0x0000000000000120       0x16 ./startup/startup_lpc824.o
                0x0000000000000120                data_init
 .after_vectors.init_bss
                0x0000000000000136       0x12 ./startup/startup_lpc824.o
                0x0000000000000136                bss_init
 .after_vectors
                0x0000000000000148      0x10c ./startup/startup_lpc824.o
                0x0000000000000148                NMI_Handler
                0x000000000000014c                SVC_Handler
                0x000000000000014e                PendSV_Handler
                0x0000000000000150                SysTick_Handler
                0x0000000000000152                Reserved39_DriverIRQHandler
                0x0000000000000152                ADC0_OVR_DriverIRQHandler
                0x0000000000000152                I2C3_DriverIRQHandler
                0x0000000000000152                PIN_INT3_DriverIRQHandler
                0x0000000000000152                PIN_INT2_DriverIRQHandler
                0x0000000000000152                I2C2_DriverIRQHandler
                0x0000000000000152                PIN_INT0_DriverIRQHandler
                0x0000000000000152                IntDefaultHandler
                0x0000000000000152                WKT_DriverIRQHandler
                0x0000000000000152                MRT0_DriverIRQHandler
                0x0000000000000152                PIN_INT4_DriverIRQHandler
                0x0000000000000152                PIN_INT5_DriverIRQHandler
                0x0000000000000152                CMP_CAPT_DriverIRQHandler
                0x0000000000000152                ADC0_THCMP_DriverIRQHandler
                0x0000000000000152                PIN_INT7_DriverIRQHandler
                0x0000000000000152                Reserved22_DriverIRQHandler
                0x0000000000000152                FLASH_DriverIRQHandler
                0x0000000000000152                ADC0_SEQB_DriverIRQHandler
                0x0000000000000152                PIN_INT6_DriverIRQHandler
                0x0000000000000152                Reserved18_DriverIRQHandler
                0x0000000000000152                WDT_DriverIRQHandler
                0x0000000000000152                PIN_INT1_DriverIRQHandler
                0x0000000000000152                BOD_DriverIRQHandler
                0x0000000000000152                I2C1_DriverIRQHandler
                0x0000000000000152                ADC0_SEQA_DriverIRQHandler
                0x0000000000000152                I2C0_DriverIRQHandler
                0x0000000000000152                SCT0_DriverIRQHandler
                0x0000000000000154                SPI0_IRQHandler
                0x000000000000015c                SPI1_IRQHandler
                0x0000000000000164                Reserved18_IRQHandler
                0x000000000000016c                USART0_IRQHandler
                0x0000000000000174                USART1_IRQHandler
                0x000000000000017c                USART2_IRQHandler
                0x0000000000000184                Reserved22_IRQHandler
                0x000000000000018c                I2C1_IRQHandler
                0x0000000000000194                I2C0_IRQHandler
                0x000000000000019c                SCT0_IRQHandler
                0x00000000000001a4                MRT0_IRQHandler
                0x00000000000001ac                CMP_CAPT_IRQHandler
                0x00000000000001b4                WDT_IRQHandler
                0x00000000000001bc                BOD_IRQHandler
                0x00000000000001c4                FLASH_IRQHandler
                0x00000000000001cc                WKT_IRQHandler
                0x00000000000001d4                ADC0_SEQA_IRQHandler
                0x00000000000001dc                ADC0_SEQB_IRQHandler
                0x00000000000001e4                ADC0_THCMP_IRQHandler
                0x00000000000001ec                ADC0_OVR_IRQHandler
                0x00000000000001f4                DMA0_IRQHandler
                0x00000000000001fc                I2C2_IRQHandler
                0x0000000000000204                I2C3_IRQHandler
                0x000000000000020c                Reserved39_IRQHandler
                0x0000000000000214                PIN_INT0_IRQHandler
                0x000000000000021c                PIN_INT1_IRQHandler
                0x0000000000000224                PIN_INT2_IRQHandler
                0x000000000000022c                PIN_INT3_IRQHandler
                0x0000000000000234                PIN_INT4_IRQHandler
                0x000000000000023c                PIN_INT5_IRQHandler
                0x0000000000000244                PIN_INT6_IRQHandler
                0x000000000000024c                PIN_INT7_IRQHandler
 *(SORT_BY_ALIGNMENT(.text*))
 .text.DbgConsole_Init
                0x0000000000000254       0x90 ./utilities/fsl_debug_console.o
                0x0000000000000254                DbgConsole_Init
 .text.USARTUserCallback
                0x00000000000002e4       0x58 ./source/LPC824_Project.o
 .text.main     0x000000000000033c       0xf4 ./source/LPC824_Project.o
                0x000000000000033c                main
 .text.USARTPrepareTransfer
                0x0000000000000430       0x60 ./source/LPC824_Project.o
 .text.HardFault_Handler
                0x0000000000000490       0x30 ./source/semihost_hardfault.o
                0x0000000000000490                HardFault_Handler
 .text.CLOCK_GetSystemPLLFreq
                0x00000000000004c0       0x20 ./drivers/fsl_clock.o
 .text.CLOCK_GetWdtOscFreq
                0x00000000000004e0       0x14 ./drivers/fsl_clock.o
 .text.CLOCK_GetExtClkFreq
                0x00000000000004f4       0x14 ./drivers/fsl_clock.o
 .text.CLOCK_UpdateClkSrc
                0x0000000000000508       0x4c ./drivers/fsl_clock.o
 .text.CLOCK_GetIrcFreq
                0x0000000000000554       0x10 ./drivers/fsl_clock.o
                0x0000000000000554                CLOCK_GetIrcFreq
 .text.CLOCK_GetSysOscFreq
                0x0000000000000564       0x30 ./drivers/fsl_clock.o
                0x0000000000000564                CLOCK_GetSysOscFreq
 .text.CLOCK_GetMainClkFreq
                0x0000000000000594       0x54 ./drivers/fsl_clock.o
                0x0000000000000594                CLOCK_GetMainClkFreq
 .text.CLOCK_GetSystemPLLInClockRate
                0x00000000000005e8       0x4c ./drivers/fsl_clock.o
                0x00000000000005e8                CLOCK_GetSystemPLLInClockRate
 .text.findSyestemPllPsel
                0x0000000000000634       0x50 ./drivers/fsl_clock.o
 .text.CLOCK_InitSystemPll
                0x0000000000000684      0x104 ./drivers/fsl_clock.o
                0x0000000000000684                CLOCK_InitSystemPll
 .text.CLOCK_SetMainClkSrc
                0x0000000000000788       0x6c ./drivers/fsl_clock.o
                0x0000000000000788                CLOCK_SetMainClkSrc
 .text.DMA_GetInstance
                0x00000000000007f4       0x48 ./drivers/fsl_dma.o
 .text.DMA_IRQHandle
                0x000000000000083c      0x168 ./drivers/fsl_dma.o
                0x000000000000083c                DMA_IRQHandle
 .text.DMA0_DriverIRQHandler
                0x00000000000009a4       0x18 ./drivers/fsl_dma.o
                0x00000000000009a4                DMA0_DriverIRQHandler
 .text.RESET_SetPeripheralReset
                0x00000000000009bc       0x48 ./drivers/fsl_reset.o
 .text.RESET_ClearPeripheralReset
                0x0000000000000a04       0x48 ./drivers/fsl_reset.o
 .text.SPI_CommonIRQHandler
                0x0000000000000a4c       0x40 ./drivers/fsl_spi.o
 .text.SPI0_DriverIRQHandler
                0x0000000000000a8c       0x34 ./drivers/fsl_spi.o
                0x0000000000000a8c                SPI0_DriverIRQHandler
 .text.SPI1_DriverIRQHandler
                0x0000000000000ac0       0x34 ./drivers/fsl_spi.o
                0x0000000000000ac0                SPI1_DriverIRQHandler
 .text.SWM_SetMovablePinSelect
                0x0000000000000af4       0x9c ./drivers/fsl_swm.o
                0x0000000000000af4                SWM_SetMovablePinSelect
 .text.__NVIC_EnableIRQ
                0x0000000000000b90       0x34 ./drivers/fsl_usart.o
 .text.CLOCK_EnableClock
                0x0000000000000bc4       0x30 ./drivers/fsl_usart.o
 .text.USART_GetInstance
                0x0000000000000bf4       0x44 ./drivers/fsl_usart.o
                0x0000000000000bf4                USART_GetInstance
 .text.USART_TransferGetRxRingBufferLength
                0x0000000000000c38       0x64 ./drivers/fsl_usart.o
                0x0000000000000c38                USART_TransferGetRxRingBufferLength
 .text.USART_TransferIsRxRingBufferFull
                0x0000000000000c9c       0x58 ./drivers/fsl_usart.o
 .text.USART_Init
                0x0000000000000cf4       0xf8 ./drivers/fsl_usart.o
                0x0000000000000cf4                USART_Init
 .text.USART_GetDefaultConfig
                0x0000000000000dec       0x60 ./drivers/fsl_usart.o
                0x0000000000000dec                USART_GetDefaultConfig
 .text.USART_SetBaudRate
                0x0000000000000e4c      0x134 ./drivers/fsl_usart.o
                0x0000000000000e4c                USART_SetBaudRate
 .text.USART_WriteBlocking
                0x0000000000000f80       0x60 ./drivers/fsl_usart.o
                0x0000000000000f80                USART_WriteBlocking
 .text.USART_ReadBlocking
                0x0000000000000fe0       0xe0 ./drivers/fsl_usart.o
                0x0000000000000fe0                USART_ReadBlocking
 .text.USART_TransferCreateHandle
                0x00000000000010c0       0x98 ./drivers/fsl_usart.o
                0x00000000000010c0                USART_TransferCreateHandle
 .text.USART_TransferSendNonBlocking
                0x0000000000001158       0x9c ./drivers/fsl_usart.o
                0x0000000000001158                USART_TransferSendNonBlocking
 .text.USART_TransferReceiveNonBlocking
                0x00000000000011f4      0x194 ./drivers/fsl_usart.o
                0x00000000000011f4                USART_TransferReceiveNonBlocking
 .text.USART_TransferHandleIRQ
                0x0000000000001388      0x24c ./drivers/fsl_usart.o
                0x0000000000001388                USART_TransferHandleIRQ
 .text.USART0_DriverIRQHandler
                0x00000000000015d4       0x24 ./drivers/fsl_usart.o
                0x00000000000015d4                USART0_DriverIRQHandler
 .text.USART1_DriverIRQHandler
                0x00000000000015f8       0x24 ./drivers/fsl_usart.o
                0x00000000000015f8                USART1_DriverIRQHandler
 .text.USART2_DriverIRQHandler
                0x000000000000161c       0x24 ./drivers/fsl_usart.o
                0x000000000000161c                USART2_DriverIRQHandler
 .text.SystemInit
                0x0000000000001640       0x2c ./device/system_LPC824.o
                0x0000000000001640                SystemInit
 .text.HAL_UartGetStatus
                0x000000000000166c       0x20 ./component/uart/miniusart_adapter.o
 .text.HAL_UartInit
                0x000000000000168c      0x11c ./component/uart/miniusart_adapter.o
                0x000000000000168c                HAL_UartInit
 .text.HAL_UartReceiveBlocking
                0x00000000000017a8       0x78 ./component/uart/miniusart_adapter.o
                0x00000000000017a8                HAL_UartReceiveBlocking
 .text.HAL_UartSendBlocking
                0x0000000000001820       0x6c ./component/uart/miniusart_adapter.o
                0x0000000000001820                HAL_UartSendBlocking
 .text.CLOCK_EnableClock
                0x000000000000188c       0x30 ./board/board.o
 .text.CLOCK_SetClkDivider
                0x00000000000018bc       0x30 ./board/board.o
 .text.BOARD_InitDebugConsole
                0x00000000000018ec       0x50 ./board/board.o
                0x00000000000018ec                BOARD_InitDebugConsole
 .text.CLOCK_Select
                0x000000000000193c       0x38 ./board/clock_config.o
 .text.CLOCK_SetCoreSysClkDiv
                0x0000000000001974       0x3c ./board/clock_config.o
 .text.POWER_DisablePD
                0x00000000000019b0       0x2c ./board/clock_config.o
 .text.BOARD_BootClockIRC12M
                0x00000000000019dc       0x68 ./board/clock_config.o
                0x00000000000019dc                BOARD_BootClockIRC12M
 .text.CLOCK_EnableClock
                0x0000000000001a44       0x30 ./board/pin_mux.o
 .text.CLOCK_DisableClock
                0x0000000000001a74       0x34 ./board/pin_mux.o
 .text.BOARD_InitPins
                0x0000000000001aa8       0xa0 ./board/pin_mux.o
                0x0000000000001aa8                BOARD_InitPins
 .text.__assertion_failed
                0x0000000000001b48       0x4c /usr/local/mcuxpressoide-10.3.0_2200/ide/plugins/com.nxp.mcuxpresso.tools.linux_10.3.0.201811011841/tools/bin/../lib/gcc/arm-none-eabi/7.3.1/../../../../arm-none-eabi/lib/thumb/v6-m/libcr_semihost_nf.a(_cr_assert.o)
                0x0000000000001b48                __assertion_failed
 .text.__sys_appexit
                0x0000000000001b94        0xc /usr/local/mcuxpressoide-10.3.0_2200/ide/plugins/com.nxp.mcuxpresso.tools.linux_10.3.0.201811011841/tools/bin/../lib/gcc/arm-none-eabi/7.3.1/../../../../arm-none-eabi/lib/thumb/v6-m/libcr_semihost_nf.a(__sys_appexit.o)
                0x0000000000001b94                __exit
                0x0000000000001b94                __sys_appexit
 .text._deferredlazyseek
                0x0000000000001ba0       0x40 /usr/local/mcuxpressoide-10.3.0_2200/ide/plugins/com.nxp.mcuxpresso.tools.linux_10.3.0.201811011841/tools/bin/../lib/gcc/arm-none-eabi/7.3.1/../../../../arm-none-eabi/lib/thumb/v6-m/libcr_c.a(_deferredlazyseek.o)
                0x0000000000001ba0                _deferredlazyseek
 .text.__flsbuf
                0x0000000000001be0      0x14c /usr/local/mcuxpressoide-10.3.0_2200/ide/plugins/com.nxp.mcuxpresso.tools.linux_10.3.0.201811011841/tools/bin/../lib/gcc/arm-none-eabi/7.3.1/../../../../arm-none-eabi/lib/thumb/v6-m/libcr_c.a(_deferredlazyseek.o)
                0x0000000000001be0                __flsbuf
 .text._fflush  0x0000000000001d2c       0x5c /usr/local/mcuxpressoide-10.3.0_2200/ide/plugins/com.nxp.mcuxpresso.tools.linux_10.3.0.201811011841/tools/bin/../lib/gcc/arm-none-eabi/7.3.1/../../../../arm-none-eabi/lib/thumb/v6-m/libcr_c.a(_fflush.o)
                0x0000000000001d2c                _fflush
 .text._Cwritebuf
                0x0000000000001d88       0x68 /usr/local/mcuxpressoide-10.3.0_2200/ide/plugins/com.nxp.mcuxpresso.tools.linux_10.3.0.201811011841/tools/bin/../lib/gcc/arm-none-eabi/7.3.1/../../../../arm-none-eabi/lib/thumb/v6-m/libcr_c.a(_writebuf.o)
                0x0000000000001d88                _Cwritebuf
 .text.malloc   0x0000000000001df0       0xcc /usr/local/mcuxpressoide-10.3.0_2200/ide/plugins/com.nxp.mcuxpresso.tools.linux_10.3.0.201811011841/tools/bin/../lib/gcc/arm-none-eabi/7.3.1/../../../../arm-none-eabi/lib/thumb/v6-m/libcr_c.a(alloc.o)
                0x0000000000001df0                malloc
 .text._Csys_alloc
                0x0000000000001ebc       0x20 /usr/local/mcuxpressoide-10.3.0_2200/ide/plugins/com.nxp.mcuxpresso.tools.linux_10.3.0.201811011841/tools/bin/../lib/gcc/arm-none-eabi/7.3.1/../../../../arm-none-eabi/lib/thumb/v6-m/libcr_c.a(alloc.o)
                0x0000000000001ebc                _Csys_alloc
 .text.fseek    0x0000000000001edc       0xf0 /usr/local/mcuxpressoide-10.3.0_2200/ide/plugins/com.nxp.mcuxpresso.tools.linux_10.3.0.201811011841/tools/bin/../lib/gcc/arm-none-eabi/7.3.1/../../../../arm-none-eabi/lib/thumb/v6-m/libcr_c.a(fseek.o)
                0x0000000000001edc                fseek
 .text.ftell    0x0000000000001fcc       0x48 /usr/local/mcuxpressoide-10.3.0_2200/ide/plugins/com.nxp.mcuxpresso.tools.linux_10.3.0.201811011841/tools/bin/../lib/gcc/arm-none-eabi/7.3.1/../../../../arm-none-eabi/lib/thumb/v6-m/libcr_c.a(ftell.o)
                0x0000000000001fcc                ftell
 .text._initio  0x0000000000002014       0x7c /usr/local/mcuxpressoide-10.3.0_2200/ide/plugins/com.nxp.mcuxpresso.tools.linux_10.3.0.201811011841/tools/bin/../lib/gcc/arm-none-eabi/7.3.1/../../../../arm-none-eabi/lib/thumb/v6-m/libcr_c.a(initio.o)
                0x0000000000002014                _initio
 .text.setvbuf  0x0000000000002090       0x48 /usr/local/mcuxpressoide-10.3.0_2200/ide/plugins/com.nxp.mcuxpresso.tools.linux_10.3.0.201811011841/tools/bin/../lib/gcc/arm-none-eabi/7.3.1/../../../../arm-none-eabi/lib/thumb/v6-m/libcr_c.a(setvbuf.o)
                0x0000000000002090                setvbuf
 .text._sbrk    0x00000000000020d8       0x40 /usr/local/mcuxpressoide-10.3.0_2200/ide/plugins/com.nxp.mcuxpresso.tools.linux_10.3.0.201811011841/tools/bin/../lib/gcc/arm-none-eabi/7.3.1/../../../../arm-none-eabi/lib/thumb/v6-m/libcr_c.a(_cr_sbrk.o)
                0x00000000000020d8                _sbrk
 .text._fdopen  0x0000000000002118       0x74 /usr/local/mcuxpressoide-10.3.0_2200/ide/plugins/com.nxp.mcuxpresso.tools.linux_10.3.0.201811011841/tools/bin/../lib/gcc/arm-none-eabi/7.3.1/../../../../arm-none-eabi/lib/thumb/v6-m/libcr_c.a(_fdopen.o)
                0x0000000000002118                _fdopen
 .text.fclose   0x000000000000218c       0x5c /usr/local/mcuxpressoide-10.3.0_2200/ide/plugins/com.nxp.mcuxpresso.tools.linux_10.3.0.201811011841/tools/bin/../lib/gcc/arm-none-eabi/7.3.1/../../../../arm-none-eabi/lib/thumb/v6-m/libcr_c.a(fclose.o)
                0x000000000000218c                fclose
 .text.fflush   0x00000000000021e8       0x44 /usr/local/mcuxpressoide-10.3.0_2200/ide/plugins/com.nxp.mcuxpresso.tools.linux_10.3.0.201811011841/tools/bin/../lib/gcc/arm-none-eabi/7.3.1/../../../../arm-none-eabi/lib/thumb/v6-m/libcr_c.a(fflush.o)
                0x00000000000021e8                fflush
 .text.strlen   0x000000000000222c       0x58 /usr/local/mcuxpressoide-10.3.0_2200/ide/plugins/com.nxp.mcuxpresso.tools.linux_10.3.0.201811011841/tools/bin/../lib/gcc/arm-none-eabi/7.3.1/../../../../arm-none-eabi/lib/thumb/v6-m/libcr_c.a(strlen.o)
                0x000000000000222c                strlen
 .text.__check_heap_overflow
                0x0000000000002284       0x14 /usr/local/mcuxpressoide-10.3.0_2200/ide/plugins/com.nxp.mcuxpresso.tools.linux_10.3.0.201811011841/tools/bin/../lib/gcc/arm-none-eabi/7.3.1/../../../../arm-none-eabi/lib/thumb/v6-m/libcr_c.a(_cr_check_heap.o)
                0x0000000000002284                __check_heap_overflow
 .text._do_fflush
                0x0000000000002298       0x44 /usr/local/mcuxpressoide-10.3.0_2200/ide/plugins/com.nxp.mcuxpresso.tools.linux_10.3.0.201811011841/tools/bin/../lib/gcc/arm-none-eabi/7.3.1/../../../../arm-none-eabi/lib/thumb/v6-m/libcr_c.a(_do_fflush.o)
                0x0000000000002298                _do_fflush
 .text.DMA_GetVirtualStartChannel
                0x00000000000022dc       0x44 ./drivers/fsl_dma.o
 .text.RESET_PeripheralReset
                0x0000000000002320       0x28 ./drivers/fsl_reset.o
                0x0000000000002320                RESET_PeripheralReset
 .text.SPI_IsMaster
                0x0000000000002348       0x1e ./drivers/fsl_spi.o
 .text.EnableIRQ
                0x0000000000002366       0x30 ./drivers/fsl_usart.o
 .text.USART_GetStatusFlags
                0x0000000000002396       0x14 ./drivers/fsl_usart.o
 .text.USART_EnableInterrupts
                0x00000000000023aa       0x1c ./drivers/fsl_usart.o
 .text.USART_DisableInterrupts
                0x00000000000023c6       0x1c ./drivers/fsl_usart.o
 .text.USART_EnableTx
                0x00000000000023e2       0x46 ./drivers/fsl_usart.o
 .text.USART_EnableRx
                0x0000000000002428       0x44 ./drivers/fsl_usart.o
 .text.SystemInitHook
                0x000000000000246c        0xa ./device/system_LPC824.o
                0x000000000000246c                SystemInitHook
 .text.BOARD_InitBootClocks
                0x0000000000002476        0xe ./board/clock_config.o
                0x0000000000002476                BOARD_InitBootClocks
 .text.BOARD_InitBootPeripherals
                0x0000000000002484        0xa ./board/peripherals.o
                0x0000000000002484                BOARD_InitBootPeripherals
 .text.BOARD_InitBootPins
                0x000000000000248e       0x12 ./board/pin_mux.o
                0x000000000000248e                BOARD_InitBootPins
 .text.BOARD_InitDEBUG_UARTPins
                0x00000000000024a0       0x10 ./board/pin_mux.o
                0x00000000000024a0                BOARD_InitDEBUG_UARTPins
 .text.__main   0x00000000000024b0        0xc /usr/local/mcuxpressoide-10.3.0_2200/ide/plugins/com.nxp.mcuxpresso.tools.linux_10.3.0.201811011841/tools/bin/../lib/gcc/arm-none-eabi/7.3.1/../../../../arm-none-eabi/lib/thumb/v6-m/libcr_semihost_nf.a(_cr__main.o)
                0x00000000000024b0                __main
                0x00000000000024b0                __CR_SEMIHOST
 .text.memcpy   0x00000000000024bc        0x8 /usr/local/mcuxpressoide-10.3.0_2200/ide/plugins/com.nxp.mcuxpresso.tools.linux_10.3.0.201811011841/tools/bin/../lib/gcc/arm-none-eabi/7.3.1/../../../../arm-none-eabi/lib/thumb/v6-m/libcr_c.a(memcpy.o)
                0x00000000000024bc                memcpy
 .text.memset   0x00000000000024c4        0x8 /usr/local/mcuxpressoide-10.3.0_2200/ide/plugins/com.nxp.mcuxpresso.tools.linux_10.3.0.201811011841/tools/bin/../lib/gcc/arm-none-eabi/7.3.1/../../../../arm-none-eabi/lib/thumb/v6-m/libcr_c.a(memset.o)
                0x00000000000024c4                memset
 .text.free     0x00000000000024cc       0x2c /usr/local/mcuxpressoide-10.3.0_2200/ide/plugins/com.nxp.mcuxpresso.tools.linux_10.3.0.201811011841/tools/bin/../lib/gcc/arm-none-eabi/7.3.1/../../../../arm-none-eabi/lib/thumb/v6-m/libcr_c.a(alloc.o)
                0x00000000000024cc                free
 .text.fputs    0x00000000000024f8       0x2e /usr/local/mcuxpressoide-10.3.0_2200/ide/plugins/com.nxp.mcuxpresso.tools.linux_10.3.0.201811011841/tools/bin/../lib/gcc/arm-none-eabi/7.3.1/../../../../arm-none-eabi/lib/thumb/v6-m/libcr_c.a(fputs.o)
                0x00000000000024f8                fputs
 .text.remove   0x0000000000002526       0x12 /usr/local/mcuxpressoide-10.3.0_2200/ide/plugins/com.nxp.mcuxpresso.tools.linux_10.3.0.201811011841/tools/bin/../lib/gcc/arm-none-eabi/7.3.1/../../../../arm-none-eabi/lib/thumb/v6-m/libcr_c.a(remove.o)
                0x0000000000002526                remove
 .text.__aeabi_division_idivmod
                0x0000000000002538       0x78 /usr/local/mcuxpressoide-10.3.0_2200/ide/plugins/com.nxp.mcuxpresso.tools.linux_10.3.0.201811011841/tools/bin/../lib/gcc/arm-none-eabi/7.3.1/thumb/v6-m/libcr_eabihelpers.a(division_32.o)
                0x0000000000002538                __aeabi_idiv
                0x0000000000002538                __aeabi_idivmod
                0x000000000000253e                __aeabi_uidiv
                0x000000000000253e                __aeabi_uidivmod
 .text.__aeabi_division_idiv0
                0x00000000000025b0        0x2 /usr/local/mcuxpressoide-10.3.0_2200/ide/plugins/com.nxp.mcuxpresso.tools.linux_10.3.0.201811011841/tools/bin/../lib/gcc/arm-none-eabi/7.3.1/thumb/v6-m/libcr_eabihelpers.a(division_idiv0.o)
                0x00000000000025b0                __aeabi_idiv0
 .text.__aeabi_memcpy
                0x00000000000025b2       0x2c /usr/local/mcuxpressoide-10.3.0_2200/ide/plugins/com.nxp.mcuxpresso.tools.linux_10.3.0.201811011841/tools/bin/../lib/gcc/arm-none-eabi/7.3.1/thumb/v6-m/libcr_eabihelpers.a(memcpy.o)
                0x00000000000025b2                __aeabi_memcpy
                0x00000000000025b2                __aeabi_memcpy4
                0x00000000000025b2                __aeabi_memcpy8
 .text.__aeabi_memset_lowlevel
                0x00000000000025de       0x2a /usr/local/mcuxpressoide-10.3.0_2200/ide/plugins/com.nxp.mcuxpresso.tools.linux_10.3.0.201811011841/tools/bin/../lib/gcc/arm-none-eabi/7.3.1/thumb/v6-m/libcr_eabihelpers.a(memcpy.o)
                0x00000000000025de                __aeabi_lowlevel_memset
 .text.__sys_close
                0x0000000000002608        0xc /usr/local/mcuxpressoide-10.3.0_2200/ide/plugins/com.nxp.mcuxpresso.tools.linux_10.3.0.201811011841/tools/bin/../lib/gcc/arm-none-eabi/7.3.1/../../../../arm-none-eabi/lib/thumb/v6-m/libcr_semihost_nf.a(__sys_close.o)
                0x0000000000002608                __sys_close
 .text.__sys_flen
                0x0000000000002614        0xc /usr/local/mcuxpressoide-10.3.0_2200/ide/plugins/com.nxp.mcuxpresso.tools.linux_10.3.0.201811011841/tools/bin/../lib/gcc/arm-none-eabi/7.3.1/../../../../arm-none-eabi/lib/thumb/v6-m/libcr_semihost_nf.a(__sys_flen.o)
                0x0000000000002614                __sys_flen
 .text.__sys_istty
                0x0000000000002620        0xc /usr/local/mcuxpressoide-10.3.0_2200/ide/plugins/com.nxp.mcuxpresso.tools.linux_10.3.0.201811011841/tools/bin/../lib/gcc/arm-none-eabi/7.3.1/../../../../arm-none-eabi/lib/thumb/v6-m/libcr_semihost_nf.a(__sys_istty.o)
                0x0000000000002620                __sys_istty
 .text.__sys_remove
                0x000000000000262c        0xc /usr/local/mcuxpressoide-10.3.0_2200/ide/plugins/com.nxp.mcuxpresso.tools.linux_10.3.0.201811011841/tools/bin/../lib/gcc/arm-none-eabi/7.3.1/../../../../arm-none-eabi/lib/thumb/v6-m/libcr_semihost_nf.a(__sys_remove.o)
                0x000000000000262c                __sys_remove
 .text.__sys_seek
                0x0000000000002638        0xc /usr/local/mcuxpressoide-10.3.0_2200/ide/plugins/com.nxp.mcuxpresso.tools.linux_10.3.0.201811011841/tools/bin/../lib/gcc/arm-none-eabi/7.3.1/../../../../arm-none-eabi/lib/thumb/v6-m/libcr_semihost_nf.a(__sys_seek.o)
                0x0000000000002638                __sys_seek
 .text.__sys_tmpnam
                0x0000000000002644        0xc /usr/local/mcuxpressoide-10.3.0_2200/ide/plugins/com.nxp.mcuxpresso.tools.linux_10.3.0.201811011841/tools/bin/../lib/gcc/arm-none-eabi/7.3.1/../../../../arm-none-eabi/lib/thumb/v6-m/libcr_semihost_nf.a(__sys_tmpnam.o)
                0x0000000000002644                __sys_tmpnam
 .text.__sys_write
                0x0000000000002650        0xc /usr/local/mcuxpressoide-10.3.0_2200/ide/plugins/com.nxp.mcuxpresso.tools.linux_10.3.0.201811011841/tools/bin/../lib/gcc/arm-none-eabi/7.3.1/../../../../arm-none-eabi/lib/thumb/v6-m/libcr_semihost_nf.a(__sys_write.o)
                0x0000000000002650                __sys_write
 *(SORT_BY_ALIGNMENT(.rodata) SORT_BY_ALIGNMENT(.rodata.*) SORT_BY_ALIGNMENT(.constdata) SORT_BY_ALIGNMENT(.constdata.*))
 .rodata        0x000000000000265c       0xd1 ./drivers/fsl_clock.o
 *fill*         0x000000000000272d        0x3 ff
 .rodata        0x0000000000002730      0x86a ./drivers/fsl_dma.o
 *fill*         0x0000000000002f9a        0x2 ff
 .rodata        0x0000000000002f9c       0x55 ./drivers/fsl_reset.o
 *fill*         0x0000000000002ff1        0x3 ff
 .rodata        0x0000000000002ff4      0x502 ./drivers/fsl_spi.o
 *fill*         0x00000000000034f6        0x2 ff
 .rodata        0x00000000000034f8       0xd0 ./drivers/fsl_swm.o
 .rodata.s_usartIRQ
                0x00000000000035c8        0x3 ./drivers/fsl_usart.o
 *fill*         0x00000000000035cb        0x1 ff
 .rodata.s_usartBaseAddrs
                0x00000000000035cc        0xc ./drivers/fsl_usart.o
 .rodata.s_usartClock
                0x00000000000035d8        0x3 ./drivers/fsl_usart.o
 *fill*         0x00000000000035db        0x1 ff
 .rodata.s_usartRest
                0x00000000000035dc        0x3 ./drivers/fsl_usart.o
 *fill*         0x00000000000035df        0x1 ff
 .rodata        0x00000000000035e0      0x610 ./drivers/fsl_usart.o
 .rodata.s_UsartAdapterBase
                0x0000000000003bf0        0xc ./component/uart/miniusart_adapter.o
 .rodata        0x0000000000003bfc      0x29b ./component/uart/miniusart_adapter.o
 *fill*         0x0000000000003e97        0x1 ff
 .rodata        0x0000000000003e98       0x30 ./board/board.o
 .rodata        0x0000000000003ec8       0x29 ./board/clock_config.o
 *fill*         0x0000000000003ef1        0x3 ff
 .rodata.__num_Ciob_streams
                0x0000000000003ef4        0x4 /usr/local/mcuxpressoide-10.3.0_2200/ide/plugins/com.nxp.mcuxpresso.tools.linux_10.3.0.201811011841/tools/bin/../lib/gcc/arm-none-eabi/7.3.1/../../../../arm-none-eabi/lib/thumb/v6-m/libcr_semihost_nf.a(__ciob.o)
                0x0000000000003ef4                __num_Ciob_streams
 .rodata.__assertion_failed.str1.1
                0x0000000000003ef8       0x15 /usr/local/mcuxpressoide-10.3.0_2200/ide/plugins/com.nxp.mcuxpresso.tools.linux_10.3.0.201811011841/tools/bin/../lib/gcc/arm-none-eabi/7.3.1/../../../../arm-none-eabi/lib/thumb/v6-m/libcr_semihost_nf.a(_cr_assert.o)
 .rodata._Csys_alloc.str1.1
                0x0000000000003f0d       0x18 /usr/local/mcuxpressoide-10.3.0_2200/ide/plugins/com.nxp.mcuxpresso.tools.linux_10.3.0.201811011841/tools/bin/../lib/gcc/arm-none-eabi/7.3.1/../../../../arm-none-eabi/lib/thumb/v6-m/libcr_c.a(alloc.o)
 .rodata._initio.str1.1
                0x0000000000003f25        0x4 /usr/local/mcuxpressoide-10.3.0_2200/ide/plugins/com.nxp.mcuxpresso.tools.linux_10.3.0.201811011841/tools/bin/../lib/gcc/arm-none-eabi/7.3.1/../../../../arm-none-eabi/lib/thumb/v6-m/libcr_c.a(initio.o)
                0x0000000000003f2c                . = ALIGN (0x4)
 *fill*         0x0000000000003f29        0x3 ff

.glue_7         0x0000000000003f2c        0x0
 .glue_7        0x0000000000003f2c        0x0 linker stubs

.glue_7t        0x0000000000003f2c        0x0
 .glue_7t       0x0000000000003f2c        0x0 linker stubs

.vfp11_veneer   0x0000000000003f2c        0x0
 .vfp11_veneer  0x0000000000003f2c        0x0 linker stubs

.v4_bx          0x0000000000003f2c        0x0
 .v4_bx         0x0000000000003f2c        0x0 linker stubs

.iplt           0x0000000000003f2c        0x0
 .iplt          0x0000000000003f2c        0x0 ./utilities/fsl_debug_console.o

.rel.dyn        0x0000000000003f2c        0x0
 .rel.iplt      0x0000000000003f2c        0x0 ./utilities/fsl_debug_console.o

.ARM.extab
 *(SORT_BY_ALIGNMENT(.ARM.extab*) SORT_BY_ALIGNMENT(.gnu.linkonce.armextab.*))
                0x0000000000003f2c                __exidx_start = .

.ARM.exidx
 *(SORT_BY_ALIGNMENT(.ARM.exidx*) SORT_BY_ALIGNMENT(.gnu.linkonce.armexidx.*))
                0x0000000000003f2c                __exidx_end = .
                0x0000000000003f2c                _etext = .

.mtb_buffer_default
                0x0000000010000000       0x80
 *(SORT_BY_ALIGNMENT(.mtb*))
 .mtb.$RAM1     0x0000000010000000       0x80 ./source/mtb.o
                0x0000000010000000                __mtb_buffer__

.uninit_RESERVED
                0x0000000010000080        0x0
 *(SORT_BY_ALIGNMENT(.bss.$RESERVED*))
                0x0000000010000080                . = ALIGN (0x4)
                0x0000000010000080                _end_uninit_RESERVED = .

.data           0x0000000010000080       0x74 load address 0x0000000000003f2c
 FILL mask 0xff
                0x0000000010000080                _data = .
 *(SORT_BY_ALIGNMENT(vtable))
 *(SORT_BY_ALIGNMENT(.ramfunc*))
 *(SORT_BY_ALIGNMENT(.data*))
 .data.g_tipString
                0x0000000010000080       0x69 ./source/LPC824_Project.o
                0x0000000010000080                g_tipString
 *fill*         0x00000000100000e9        0x3 ff
 .data.SystemCoreClock
                0x00000000100000ec        0x4 ./device/system_LPC824.o
                0x00000000100000ec                SystemCoreClock
 .data.rxBufferEmpty
                0x00000000100000f0        0x1 ./source/LPC824_Project.o
                0x00000000100000f0                rxBufferEmpty
                0x00000000100000f4                . = ALIGN (0x4)
 *fill*         0x00000000100000f1        0x3 ff
                0x00000000100000f4                _edata = .

.igot.plt       0x00000000100000f4        0x0 load address 0x0000000000003fa0
 .igot.plt      0x00000000100000f4        0x0 ./utilities/fsl_debug_console.o

.bss            0x00000000100000f4      0x1bc load address 0x0000000000003fa0
                0x00000000100000f4                _bss = .
 *(SORT_BY_ALIGNMENT(.bss*))
 .bss.s_debugConsole
                0x00000000100000f4       0x10 ./utilities/fsl_debug_console.o
 .bss.g_usartHandle
                0x0000000010000104       0x30 ./source/LPC824_Project.o
                0x0000000010000104                g_usartHandle
 .bss.g_txBuffer
                0x0000000010000134        0x8 ./source/LPC824_Project.o
                0x0000000010000134                g_txBuffer
 .bss.g_rxBuffer
                0x000000001000013c        0x8 ./source/LPC824_Project.o
                0x000000001000013c                g_rxBuffer
 .bss.xfer      0x0000000010000144        0x8 ./source/LPC824_Project.o
                0x0000000010000144                xfer
 .bss.sendXfer  0x000000001000014c        0x8 ./source/LPC824_Project.o
                0x000000001000014c                sendXfer
 .bss.receiveXfer
                0x0000000010000154        0x8 ./source/LPC824_Project.o
                0x0000000010000154                receiveXfer
 .bss.g_Ext_Clk_Freq
                0x000000001000015c        0x4 ./drivers/fsl_clock.o
                0x000000001000015c                g_Ext_Clk_Freq
 .bss.g_Wdt_Osc_Freq
                0x0000000010000160        0x4 ./drivers/fsl_clock.o
                0x0000000010000160                g_Wdt_Osc_Freq
 .bss.s_Sys_Pll_Freq
                0x0000000010000164        0x4 ./drivers/fsl_clock.o
 .bss.s_DMAHandle
                0x0000000010000168       0x64 ./drivers/fsl_dma.o
 .bss.s_spiHandle
                0x00000000100001cc        0x8 ./drivers/fsl_spi.o
 .bss.s_spiMasterIsr
                0x00000000100001d4        0x4 ./drivers/fsl_spi.o
 .bss.s_spiSlaveIsr
                0x00000000100001d8        0x4 ./drivers/fsl_spi.o
 .bss.s_usartHandle
                0x00000000100001dc        0xc ./drivers/fsl_usart.o
 .bss.s_usartIsr
                0x00000000100001e8        0x4 ./drivers/fsl_usart.o
 .bss.__Ciob    0x00000000100001ec       0xb4 /usr/local/mcuxpressoide-10.3.0_2200/ide/plugins/com.nxp.mcuxpresso.tools.linux_10.3.0.201811011841/tools/bin/../lib/gcc/arm-none-eabi/7.3.1/../../../../arm-none-eabi/lib/thumb/v6-m/libcr_semihost_nf.a(__ciob.o)
                0x00000000100001ec                __Ciob
 .bss.__end_of_heap
                0x00000000100002a0        0x4 /usr/local/mcuxpressoide-10.3.0_2200/ide/plugins/com.nxp.mcuxpresso.tools.linux_10.3.0.201811011841/tools/bin/../lib/gcc/arm-none-eabi/7.3.1/../../../../arm-none-eabi/lib/thumb/v6-m/libcr_c.a(__init_alloc.o)
                0x00000000100002a0                __end_of_heap
 .bss.__heaps   0x00000000100002a4        0x4 /usr/local/mcuxpressoide-10.3.0_2200/ide/plugins/com.nxp.mcuxpresso.tools.linux_10.3.0.201811011841/tools/bin/../lib/gcc/arm-none-eabi/7.3.1/../../../../arm-none-eabi/lib/thumb/v6-m/libcr_c.a(__init_alloc.o)
                0x00000000100002a4                __heaps
 .bss.errno     0x00000000100002a8        0x4 /usr/local/mcuxpressoide-10.3.0_2200/ide/plugins/com.nxp.mcuxpresso.tools.linux_10.3.0.201811011841/tools/bin/../lib/gcc/arm-none-eabi/7.3.1/../../../../arm-none-eabi/lib/thumb/v6-m/libcr_c.a(errno.o)
                0x00000000100002a8                errno
 .bss.txBufferFull
                0x00000000100002ac        0x1 ./source/LPC824_Project.o
                0x00000000100002ac                txBufferFull
 .bss.txOnGoing
                0x00000000100002ad        0x1 ./source/LPC824_Project.o
                0x00000000100002ad                txOnGoing
 .bss.rxOnGoing
                0x00000000100002ae        0x1 ./source/LPC824_Project.o
                0x00000000100002ae                rxOnGoing
 *(SORT_BY_ALIGNMENT(COMMON))
                0x00000000100002b0                . = ALIGN (0x4)
 *fill*         0x00000000100002af        0x1 
                0x00000000100002b0                _ebss = .
                [!provide]                        PROVIDE (end = .)

.noinit         0x00000000100002b0        0x0 load address 0x0000000000003fa0
                0x00000000100002b0                _noinit = .
 *(SORT_BY_ALIGNMENT(.noinit*))
                0x00000000100002b0                . = ALIGN (0x4)
                0x00000000100002b0                _end_noinit = .
                0x0000000000000200                _HeapSize = 0x200

.heap           0x00000000100002b0      0x200 load address 0x0000000000003fa0
                0x00000000100002b0                _pvHeapStart = .
                0x00000000100004b0                . = (. + _HeapSize)
 *fill*         0x00000000100002b0      0x200 
                0x00000000100004b0                . = ALIGN (0x4)
                0x00000000100004b0                _pvHeapLimit = .
                0x0000000000000200                _StackSize = 0x200

.heap2stackfill
                0x00000000100004b0      0x200 load address 0x0000000000003fa0
                0x00000000100006b0                . = (. + _StackSize)
 *fill*         0x00000000100004b0      0x200 

.stack          0x0000000010001e00        0x0
                0x0000000010001e00                _vStackBase = .
                0x0000000010001e00                . = ALIGN (0x4)
                0x0000000010002000                _vStackTop = (. + _StackSize)
                0xffffffffefffd951                PROVIDE (__valid_user_code_checksum = (0x0 - (((_vStackTop + (ResetISR + 0x1)) + (DEFINED (NMI_Handler)?NMI_Handler:M0_NMI_Handler + 0x1)) + (DEFINED (HardFault_Handler)?HardFault_Handler:M0_HardFault_Handler + 0x1))))
                0x0000000000000000                _image_start = LOADADDR (.text)
                0x0000000000003fa0                _image_end = (LOADADDR (.data) + SIZEOF (.data))
                0x0000000000003fa0                _image_size = (_image_end - _image_start)
OUTPUT(LPC824_Project.axf elf32-littlearm)

.debug_info     0x0000000000000000     0xaccc
 .debug_info    0x0000000000000000      0xaa4 ./utilities/fsl_debug_console.o
 .debug_info    0x0000000000000aa4      0x458 ./startup/startup_lpc824.o
 .debug_info    0x0000000000000efc      0xcf1 ./source/LPC824_Project.o
 .debug_info    0x0000000000001bed       0x52 ./source/mtb.o
 .debug_info    0x0000000000001c3f       0x3b ./source/semihost_hardfault.o
 .debug_info    0x0000000000001c7a      0xda5 ./drivers/fsl_clock.o
 .debug_info    0x0000000000002a1f     0x1697 ./drivers/fsl_dma.o
 .debug_info    0x00000000000040b6      0x5c0 ./drivers/fsl_reset.o
 .debug_info    0x0000000000004676     0x1958 ./drivers/fsl_spi.o
 .debug_info    0x0000000000005fce      0x5a1 ./drivers/fsl_swm.o
 .debug_info    0x000000000000656f     0x1765 ./drivers/fsl_usart.o
 .debug_info    0x0000000000007cd4      0x5ff ./device/system_LPC824.o
 .debug_info    0x00000000000082d3      0xc0a ./component/uart/miniusart_adapter.o
 .debug_info    0x0000000000008edd      0xa56 ./board/board.o
 .debug_info    0x0000000000009933      0x6a6 ./board/clock_config.o
 .debug_info    0x0000000000009fd9       0x3b ./board/peripherals.o
 .debug_info    0x000000000000a014      0xcb8 ./board/pin_mux.o

.debug_abbrev   0x0000000000000000     0x1d0e
 .debug_abbrev  0x0000000000000000      0x180 ./utilities/fsl_debug_console.o
 .debug_abbrev  0x0000000000000180      0x16d ./startup/startup_lpc824.o
 .debug_abbrev  0x00000000000002ed      0x1eb ./source/LPC824_Project.o
 .debug_abbrev  0x00000000000004d8       0x44 ./source/mtb.o
 .debug_abbrev  0x000000000000051c       0x2f ./source/semihost_hardfault.o
 .debug_abbrev  0x000000000000054b      0x2f8 ./drivers/fsl_clock.o
 .debug_abbrev  0x0000000000000843      0x309 ./drivers/fsl_dma.o
 .debug_abbrev  0x0000000000000b4c      0x154 ./drivers/fsl_reset.o
 .debug_abbrev  0x0000000000000ca0      0x2f5 ./drivers/fsl_spi.o
 .debug_abbrev  0x0000000000000f95      0x189 ./drivers/fsl_swm.o
 .debug_abbrev  0x000000000000111e      0x2d2 ./drivers/fsl_usart.o
 .debug_abbrev  0x00000000000013f0      0x17d ./device/system_LPC824.o
 .debug_abbrev  0x000000000000156d      0x1c4 ./component/uart/miniusart_adapter.o
 .debug_abbrev  0x0000000000001731      0x19d ./board/board.o
 .debug_abbrev  0x00000000000018ce      0x1e5 ./board/clock_config.o
 .debug_abbrev  0x0000000000001ab3       0x2f ./board/peripherals.o
 .debug_abbrev  0x0000000000001ae2      0x22c ./board/pin_mux.o

.debug_aranges  0x0000000000000000      0x7c0
 .debug_aranges
                0x0000000000000000       0x28 ./utilities/fsl_debug_console.o
 .debug_aranges
                0x0000000000000028      0x160 ./startup/startup_lpc824.o
 .debug_aranges
                0x0000000000000188       0x38 ./source/LPC824_Project.o
 .debug_aranges
                0x00000000000001c0       0x18 ./source/mtb.o
 .debug_aranges
                0x00000000000001d8       0x20 ./source/semihost_hardfault.o
 .debug_aranges
                0x00000000000001f8       0xc0 ./drivers/fsl_clock.o
 .debug_aranges
                0x00000000000002b8       0xf0 ./drivers/fsl_dma.o
 .debug_aranges
                0x00000000000003a8       0x30 ./drivers/fsl_reset.o
 .debug_aranges
                0x00000000000003d8      0x138 ./drivers/fsl_spi.o
 .debug_aranges
                0x0000000000000510       0x28 ./drivers/fsl_swm.o
 .debug_aranges
                0x0000000000000538      0x110 ./drivers/fsl_usart.o
 .debug_aranges
                0x0000000000000648       0x40 ./device/system_LPC824.o
 .debug_aranges
                0x0000000000000688       0x40 ./component/uart/miniusart_adapter.o
 .debug_aranges
                0x00000000000006c8       0x30 ./board/board.o
 .debug_aranges
                0x00000000000006f8       0x48 ./board/clock_config.o
 .debug_aranges
                0x0000000000000740       0x20 ./board/peripherals.o
 .debug_aranges
                0x0000000000000760       0x60 ./board/pin_mux.o

.debug_ranges   0x0000000000000000      0x6a8
 .debug_ranges  0x0000000000000000       0x18 ./utilities/fsl_debug_console.o
 .debug_ranges  0x0000000000000018      0x150 ./startup/startup_lpc824.o
 .debug_ranges  0x0000000000000168       0x28 ./source/LPC824_Project.o
 .debug_ranges  0x0000000000000190       0x10 ./source/semihost_hardfault.o
 .debug_ranges  0x00000000000001a0       0xb0 ./drivers/fsl_clock.o
 .debug_ranges  0x0000000000000250       0xe0 ./drivers/fsl_dma.o
 .debug_ranges  0x0000000000000330       0x20 ./drivers/fsl_reset.o
 .debug_ranges  0x0000000000000350      0x128 ./drivers/fsl_spi.o
 .debug_ranges  0x0000000000000478       0x18 ./drivers/fsl_swm.o
 .debug_ranges  0x0000000000000490      0x100 ./drivers/fsl_usart.o
 .debug_ranges  0x0000000000000590       0x30 ./device/system_LPC824.o
 .debug_ranges  0x00000000000005c0       0x30 ./component/uart/miniusart_adapter.o
 .debug_ranges  0x00000000000005f0       0x20 ./board/board.o
 .debug_ranges  0x0000000000000610       0x38 ./board/clock_config.o
 .debug_ranges  0x0000000000000648       0x10 ./board/peripherals.o
 .debug_ranges  0x0000000000000658       0x50 ./board/pin_mux.o

.debug_macro    0x0000000000000000     0x7961
 .debug_macro   0x0000000000000000      0x157 ./utilities/fsl_debug_console.o
 .debug_macro   0x0000000000000157      0xa7e ./utilities/fsl_debug_console.o
 .debug_macro   0x0000000000000bd5       0x10 ./utilities/fsl_debug_console.o
 .debug_macro   0x0000000000000be5       0x16 ./utilities/fsl_debug_console.o
 .debug_macro   0x0000000000000bfb       0x10 ./utilities/fsl_debug_console.o
 .debug_macro   0x0000000000000c0b      0x12d ./utilities/fsl_debug_console.o
 .debug_macro   0x0000000000000d38       0x28 ./utilities/fsl_debug_console.o
 .debug_macro   0x0000000000000d60       0xc4 ./utilities/fsl_debug_console.o
 .debug_macro   0x0000000000000e24       0x16 ./utilities/fsl_debug_console.o
 .debug_macro   0x0000000000000e3a       0x22 ./utilities/fsl_debug_console.o
 .debug_macro   0x0000000000000e5c      0x5b2 ./utilities/fsl_debug_console.o
 .debug_macro   0x000000000000140e       0x10 ./utilities/fsl_debug_console.o
 .debug_macro   0x000000000000141e       0x3e ./utilities/fsl_debug_console.o
 .debug_macro   0x000000000000145c       0x1c ./utilities/fsl_debug_console.o
 .debug_macro   0x0000000000001478       0x22 ./utilities/fsl_debug_console.o
 .debug_macro   0x000000000000149a       0xb5 ./utilities/fsl_debug_console.o
 .debug_macro   0x000000000000154f      0x37c ./utilities/fsl_debug_console.o
 .debug_macro   0x00000000000018cb       0x28 ./utilities/fsl_debug_console.o
 .debug_macro   0x00000000000018f3     0x4532 ./utilities/fsl_debug_console.o
 .debug_macro   0x0000000000005e25      0x16f ./utilities/fsl_debug_console.o
 .debug_macro   0x0000000000005f94       0x52 ./utilities/fsl_debug_console.o
 .debug_macro   0x0000000000005fe6       0xe1 ./utilities/fsl_debug_console.o
 .debug_macro   0x00000000000060c7       0x58 ./utilities/fsl_debug_console.o
 .debug_macro   0x000000000000611f       0x7b ./utilities/fsl_debug_console.o
 .debug_macro   0x000000000000619a       0x16 ./utilities/fsl_debug_console.o
 .debug_macro   0x00000000000061b0       0xd2 ./utilities/fsl_debug_console.o
 .debug_macro   0x0000000000006282       0x2e ./utilities/fsl_debug_console.o
 .debug_macro   0x00000000000062b0       0x1c ./utilities/fsl_debug_console.o
 .debug_macro   0x00000000000062cc       0x32 ./startup/startup_lpc824.o
 .debug_macro   0x00000000000062fe       0x34 ./startup/startup_lpc824.o
 .debug_macro   0x0000000000006332      0x18e ./source/LPC824_Project.o
 .debug_macro   0x00000000000064c0       0xd8 ./source/LPC824_Project.o
 .debug_macro   0x0000000000006598       0x22 ./source/LPC824_Project.o
 .debug_macro   0x00000000000065ba       0x1c ./source/LPC824_Project.o
 .debug_macro   0x00000000000065d6       0xf4 ./source/LPC824_Project.o
 .debug_macro   0x00000000000066ca      0x381 ./source/LPC824_Project.o
 .debug_macro   0x0000000000006a4b       0x46 ./source/LPC824_Project.o
 .debug_macro   0x0000000000006a91       0x1c ./source/LPC824_Project.o
 .debug_macro   0x0000000000006aad       0x2f ./source/mtb.o
 .debug_macro   0x0000000000006adc       0x82 ./source/mtb.o
 .debug_macro   0x0000000000006b5e       0x10 ./source/mtb.o
 .debug_macro   0x0000000000006b6e       0x11 ./source/semihost_hardfault.o
 .debug_macro   0x0000000000006b7f      0x13a ./drivers/fsl_clock.o
 .debug_macro   0x0000000000006cb9       0x1c ./drivers/fsl_clock.o
 .debug_macro   0x0000000000006cd5      0x125 ./drivers/fsl_dma.o
 .debug_macro   0x0000000000006dfa       0x46 ./drivers/fsl_dma.o
 .debug_macro   0x0000000000006e40      0x116 ./drivers/fsl_reset.o
 .debug_macro   0x0000000000006f56      0x125 ./drivers/fsl_spi.o
 .debug_macro   0x000000000000707b       0x16 ./drivers/fsl_spi.o
 .debug_macro   0x0000000000007091      0x130 ./drivers/fsl_swm.o
 .debug_macro   0x00000000000071c1      0x125 ./drivers/fsl_usart.o
 .debug_macro   0x00000000000072e6       0x16 ./drivers/fsl_usart.o
 .debug_macro   0x00000000000072fc       0x97 ./device/system_LPC824.o
 .debug_macro   0x0000000000007393      0x12c ./component/uart/miniusart_adapter.o
 .debug_macro   0x00000000000074bf      0x163 ./board/board.o
 .debug_macro   0x0000000000007622       0x22 ./board/board.o
 .debug_macro   0x0000000000007644       0x1c ./board/board.o
 .debug_macro   0x0000000000007660      0x136 ./board/clock_config.o
 .debug_macro   0x0000000000007796       0x1b ./board/peripherals.o
 .debug_macro   0x00000000000077b1      0x146 ./board/pin_mux.o
 .debug_macro   0x00000000000078f7       0x6a ./board/pin_mux.o

.debug_line     0x0000000000000000     0x3b69
 .debug_line    0x0000000000000000      0x319 ./utilities/fsl_debug_console.o
 .debug_line    0x0000000000000319      0x1af ./startup/startup_lpc824.o
 .debug_line    0x00000000000004c8      0x39d ./source/LPC824_Project.o
 .debug_line    0x0000000000000865       0xd5 ./source/mtb.o
 .debug_line    0x000000000000093a       0x54 ./source/semihost_hardfault.o
 .debug_line    0x000000000000098e      0x516 ./drivers/fsl_clock.o
 .debug_line    0x0000000000000ea4      0x771 ./drivers/fsl_dma.o
 .debug_line    0x0000000000001615      0x2c1 ./drivers/fsl_reset.o
 .debug_line    0x00000000000018d6      0x78a ./drivers/fsl_spi.o
 .debug_line    0x0000000000002060      0x2f5 ./drivers/fsl_swm.o
 .debug_line    0x0000000000002355      0x793 ./drivers/fsl_usart.o
 .debug_line    0x0000000000002ae8      0x2a6 ./device/system_LPC824.o
 .debug_line    0x0000000000002d8e      0x381 ./component/uart/miniusart_adapter.o
 .debug_line    0x000000000000310f      0x319 ./board/board.o
 .debug_line    0x0000000000003428      0x333 ./board/clock_config.o
 .debug_line    0x000000000000375b       0x58 ./board/peripherals.o
 .debug_line    0x00000000000037b3      0x3b6 ./board/pin_mux.o

.debug_str      0x0000000000000000    0x33eb4
 .debug_str     0x0000000000000000    0x2d418 ./utilities/fsl_debug_console.o
                                      0x2d518 (size before relaxing)
 .debug_str     0x000000000002d418      0x4e3 ./startup/startup_lpc824.o
                                       0x3202 (size before relaxing)
 .debug_str     0x000000000002d8fb     0x2427 ./source/LPC824_Project.o
                                      0x2efdb (size before relaxing)
 .debug_str     0x000000000002fd22      0x532 ./source/mtb.o
                                       0x322a (size before relaxing)
 .debug_str     0x0000000000030254       0x1f ./source/semihost_hardfault.o
                                       0x2d17 (size before relaxing)
 .debug_str     0x0000000000030273      0x76d ./drivers/fsl_clock.o
                                      0x2ce77 (size before relaxing)
 .debug_str     0x00000000000309e0      0xe9f ./drivers/fsl_dma.o
                                      0x2d6e2 (size before relaxing)
 .debug_str     0x000000000003187f      0x259 ./drivers/fsl_reset.o
                                      0x2c206 (size before relaxing)
 .debug_str     0x0000000000031ad8      0xa8b ./drivers/fsl_spi.o
                                      0x2d88b (size before relaxing)
 .debug_str     0x0000000000032563      0x7b0 ./drivers/fsl_swm.o
                                      0x2c5e3 (size before relaxing)
 .debug_str     0x0000000000032d13      0x6f4 ./drivers/fsl_usart.o
                                      0x2d99f (size before relaxing)
 .debug_str     0x0000000000033407       0xcd ./device/system_LPC824.o
                                      0x2afa5 (size before relaxing)
 .debug_str     0x00000000000334d4       0xcc ./component/uart/miniusart_adapter.o
                                      0x2cdb4 (size before relaxing)
 .debug_str     0x00000000000335a0      0x12e ./board/board.o
                                      0x2db0e (size before relaxing)
 .debug_str     0x00000000000336ce      0x2d7 ./board/clock_config.o
                                      0x2c41e (size before relaxing)
 .debug_str     0x00000000000339a5       0x31 ./board/peripherals.o
                                       0x2d28 (size before relaxing)
 .debug_str     0x00000000000339d6      0x4de ./board/pin_mux.o
                                      0x2e170 (size before relaxing)

.comment        0x0000000000000000       0x7f
 .comment       0x0000000000000000       0x7f ./utilities/fsl_debug_console.o
                                         0x80 (size before relaxing)
 .comment       0x000000000000007f       0x80 ./startup/startup_lpc824.o
 .comment       0x000000000000007f       0x80 ./source/LPC824_Project.o
 .comment       0x000000000000007f       0x80 ./source/mtb.o
 .comment       0x000000000000007f       0x80 ./source/semihost_hardfault.o
 .comment       0x000000000000007f       0x80 ./drivers/fsl_clock.o
 .comment       0x000000000000007f       0x80 ./drivers/fsl_dma.o
 .comment       0x000000000000007f       0x80 ./drivers/fsl_reset.o
 .comment       0x000000000000007f       0x80 ./drivers/fsl_spi.o
 .comment       0x000000000000007f       0x80 ./drivers/fsl_swm.o
 .comment       0x000000000000007f       0x80 ./drivers/fsl_usart.o
 .comment       0x000000000000007f       0x80 ./device/system_LPC824.o
 .comment       0x000000000000007f       0x80 ./component/uart/miniusart_adapter.o
 .comment       0x000000000000007f       0x80 ./board/board.o
 .comment       0x000000000000007f       0x80 ./board/clock_config.o
 .comment       0x000000000000007f       0x80 ./board/peripherals.o
 .comment       0x000000000000007f       0x80 ./board/pin_mux.o
 .comment       0x000000000000007f       0x80 /usr/local/mcuxpressoide-10.3.0_2200/ide/plugins/com.nxp.mcuxpresso.tools.linux_10.3.0.201811011841/tools/bin/../lib/gcc/arm-none-eabi/7.3.1/../../../../arm-none-eabi/lib/thumb/v6-m/libcr_semihost_nf.a(_cr__main.o)
 .comment       0x000000000000007f       0x80 /usr/local/mcuxpressoide-10.3.0_2200/ide/plugins/com.nxp.mcuxpresso.tools.linux_10.3.0.201811011841/tools/bin/../lib/gcc/arm-none-eabi/7.3.1/../../../../arm-none-eabi/lib/thumb/v6-m/libcr_semihost_nf.a(_cr_assert.o)
 .comment       0x000000000000007f       0x80 /usr/local/mcuxpressoide-10.3.0_2200/ide/plugins/com.nxp.mcuxpresso.tools.linux_10.3.0.201811011841/tools/bin/../lib/gcc/arm-none-eabi/7.3.1/../../../../arm-none-eabi/lib/thumb/v6-m/libcr_semihost_nf.a(__ciob.o)
 .comment       0x000000000000007f       0x80 /usr/local/mcuxpressoide-10.3.0_2200/ide/plugins/com.nxp.mcuxpresso.tools.linux_10.3.0.201811011841/tools/bin/../lib/gcc/arm-none-eabi/7.3.1/../../../../arm-none-eabi/lib/thumb/v6-m/libcr_c.a(memcpy.o)
 .comment       0x000000000000007f       0x80 /usr/local/mcuxpressoide-10.3.0_2200/ide/plugins/com.nxp.mcuxpresso.tools.linux_10.3.0.201811011841/tools/bin/../lib/gcc/arm-none-eabi/7.3.1/../../../../arm-none-eabi/lib/thumb/v6-m/libcr_c.a(memset.o)
 .comment       0x000000000000007f       0x80 /usr/local/mcuxpressoide-10.3.0_2200/ide/plugins/com.nxp.mcuxpresso.tools.linux_10.3.0.201811011841/tools/bin/../lib/gcc/arm-none-eabi/7.3.1/../../../../arm-none-eabi/lib/thumb/v6-m/libcr_c.a(_deferredlazyseek.o)
 .comment       0x000000000000007f       0x80 /usr/local/mcuxpressoide-10.3.0_2200/ide/plugins/com.nxp.mcuxpresso.tools.linux_10.3.0.201811011841/tools/bin/../lib/gcc/arm-none-eabi/7.3.1/../../../../arm-none-eabi/lib/thumb/v6-m/libcr_c.a(_fflush.o)
 .comment       0x000000000000007f       0x80 /usr/local/mcuxpressoide-10.3.0_2200/ide/plugins/com.nxp.mcuxpresso.tools.linux_10.3.0.201811011841/tools/bin/../lib/gcc/arm-none-eabi/7.3.1/../../../../arm-none-eabi/lib/thumb/v6-m/libcr_c.a(_writebuf.o)
 .comment       0x000000000000007f       0x80 /usr/local/mcuxpressoide-10.3.0_2200/ide/plugins/com.nxp.mcuxpresso.tools.linux_10.3.0.201811011841/tools/bin/../lib/gcc/arm-none-eabi/7.3.1/../../../../arm-none-eabi/lib/thumb/v6-m/libcr_c.a(alloc.o)
 .comment       0x000000000000007f       0x80 /usr/local/mcuxpressoide-10.3.0_2200/ide/plugins/com.nxp.mcuxpresso.tools.linux_10.3.0.201811011841/tools/bin/../lib/gcc/arm-none-eabi/7.3.1/../../../../arm-none-eabi/lib/thumb/v6-m/libcr_c.a(fputs.o)
 .comment       0x000000000000007f       0x80 /usr/local/mcuxpressoide-10.3.0_2200/ide/plugins/com.nxp.mcuxpresso.tools.linux_10.3.0.201811011841/tools/bin/../lib/gcc/arm-none-eabi/7.3.1/../../../../arm-none-eabi/lib/thumb/v6-m/libcr_c.a(fseek.o)
 .comment       0x000000000000007f       0x80 /usr/local/mcuxpressoide-10.3.0_2200/ide/plugins/com.nxp.mcuxpresso.tools.linux_10.3.0.201811011841/tools/bin/../lib/gcc/arm-none-eabi/7.3.1/../../../../arm-none-eabi/lib/thumb/v6-m/libcr_c.a(ftell.o)
 .comment       0x000000000000007f       0x80 /usr/local/mcuxpressoide-10.3.0_2200/ide/plugins/com.nxp.mcuxpresso.tools.linux_10.3.0.201811011841/tools/bin/../lib/gcc/arm-none-eabi/7.3.1/../../../../arm-none-eabi/lib/thumb/v6-m/libcr_c.a(initio.o)
 .comment       0x000000000000007f       0x80 /usr/local/mcuxpressoide-10.3.0_2200/ide/plugins/com.nxp.mcuxpresso.tools.linux_10.3.0.201811011841/tools/bin/../lib/gcc/arm-none-eabi/7.3.1/../../../../arm-none-eabi/lib/thumb/v6-m/libcr_c.a(setvbuf.o)
 .comment       0x000000000000007f       0x80 /usr/local/mcuxpressoide-10.3.0_2200/ide/plugins/com.nxp.mcuxpresso.tools.linux_10.3.0.201811011841/tools/bin/../lib/gcc/arm-none-eabi/7.3.1/../../../../arm-none-eabi/lib/thumb/v6-m/libcr_c.a(__init_alloc.o)
 .comment       0x000000000000007f       0x80 /usr/local/mcuxpressoide-10.3.0_2200/ide/plugins/com.nxp.mcuxpresso.tools.linux_10.3.0.201811011841/tools/bin/../lib/gcc/arm-none-eabi/7.3.1/../../../../arm-none-eabi/lib/thumb/v6-m/libcr_c.a(_cr_sbrk.o)
 .comment       0x000000000000007f       0x80 /usr/local/mcuxpressoide-10.3.0_2200/ide/plugins/com.nxp.mcuxpresso.tools.linux_10.3.0.201811011841/tools/bin/../lib/gcc/arm-none-eabi/7.3.1/../../../../arm-none-eabi/lib/thumb/v6-m/libcr_c.a(_fdopen.o)
 .comment       0x000000000000007f       0x80 /usr/local/mcuxpressoide-10.3.0_2200/ide/plugins/com.nxp.mcuxpresso.tools.linux_10.3.0.201811011841/tools/bin/../lib/gcc/arm-none-eabi/7.3.1/../../../../arm-none-eabi/lib/thumb/v6-m/libcr_c.a(errno.o)
 .comment       0x000000000000007f       0x80 /usr/local/mcuxpressoide-10.3.0_2200/ide/plugins/com.nxp.mcuxpresso.tools.linux_10.3.0.201811011841/tools/bin/../lib/gcc/arm-none-eabi/7.3.1/../../../../arm-none-eabi/lib/thumb/v6-m/libcr_c.a(fclose.o)
 .comment       0x000000000000007f       0x80 /usr/local/mcuxpressoide-10.3.0_2200/ide/plugins/com.nxp.mcuxpresso.tools.linux_10.3.0.201811011841/tools/bin/../lib/gcc/arm-none-eabi/7.3.1/../../../../arm-none-eabi/lib/thumb/v6-m/libcr_c.a(fflush.o)
 .comment       0x000000000000007f       0x80 /usr/local/mcuxpressoide-10.3.0_2200/ide/plugins/com.nxp.mcuxpresso.tools.linux_10.3.0.201811011841/tools/bin/../lib/gcc/arm-none-eabi/7.3.1/../../../../arm-none-eabi/lib/thumb/v6-m/libcr_c.a(remove.o)
 .comment       0x000000000000007f       0x80 /usr/local/mcuxpressoide-10.3.0_2200/ide/plugins/com.nxp.mcuxpresso.tools.linux_10.3.0.201811011841/tools/bin/../lib/gcc/arm-none-eabi/7.3.1/../../../../arm-none-eabi/lib/thumb/v6-m/libcr_c.a(strlen.o)
 .comment       0x000000000000007f       0x80 /usr/local/mcuxpressoide-10.3.0_2200/ide/plugins/com.nxp.mcuxpresso.tools.linux_10.3.0.201811011841/tools/bin/../lib/gcc/arm-none-eabi/7.3.1/../../../../arm-none-eabi/lib/thumb/v6-m/libcr_c.a(_cr_check_heap.o)
 .comment       0x000000000000007f       0x80 /usr/local/mcuxpressoide-10.3.0_2200/ide/plugins/com.nxp.mcuxpresso.tools.linux_10.3.0.201811011841/tools/bin/../lib/gcc/arm-none-eabi/7.3.1/../../../../arm-none-eabi/lib/thumb/v6-m/libcr_c.a(_do_fflush.o)

.ARM.attributes
                0x0000000000000000       0x30
 .ARM.attributes
                0x0000000000000000       0x32 ./utilities/fsl_debug_console.o
 .ARM.attributes
                0x0000000000000032       0x32 ./startup/startup_lpc824.o
 .ARM.attributes
                0x0000000000000064       0x32 ./source/LPC824_Project.o
 .ARM.attributes
                0x0000000000000096       0x32 ./source/mtb.o
 .ARM.attributes
                0x00000000000000c8       0x32 ./source/semihost_hardfault.o
 .ARM.attributes
                0x00000000000000fa       0x32 ./drivers/fsl_clock.o
 .ARM.attributes
                0x000000000000012c       0x32 ./drivers/fsl_dma.o
 .ARM.attributes
                0x000000000000015e       0x32 ./drivers/fsl_reset.o
 .ARM.attributes
                0x0000000000000190       0x32 ./drivers/fsl_spi.o
 .ARM.attributes
                0x00000000000001c2       0x32 ./drivers/fsl_swm.o
 .ARM.attributes
                0x00000000000001f4       0x32 ./drivers/fsl_usart.o
 .ARM.attributes
                0x0000000000000226       0x32 ./device/system_LPC824.o
 .ARM.attributes
                0x0000000000000258       0x32 ./component/uart/miniusart_adapter.o
 .ARM.attributes
                0x000000000000028a       0x32 ./board/board.o
 .ARM.attributes
                0x00000000000002bc       0x32 ./board/clock_config.o
 .ARM.attributes
                0x00000000000002ee       0x32 ./board/peripherals.o
 .ARM.attributes
                0x0000000000000320       0x32 ./board/pin_mux.o
 .ARM.attributes
                0x0000000000000352       0x31 /usr/local/mcuxpressoide-10.3.0_2200/ide/plugins/com.nxp.mcuxpresso.tools.linux_10.3.0.201811011841/tools/bin/../lib/gcc/arm-none-eabi/7.3.1/../../../../arm-none-eabi/lib/thumb/v6-m/libcr_semihost_nf.a(_cr__main.o)
 .ARM.attributes
                0x0000000000000383       0x31 /usr/local/mcuxpressoide-10.3.0_2200/ide/plugins/com.nxp.mcuxpresso.tools.linux_10.3.0.201811011841/tools/bin/../lib/gcc/arm-none-eabi/7.3.1/../../../../arm-none-eabi/lib/thumb/v6-m/libcr_semihost_nf.a(_cr_assert.o)
 .ARM.attributes
                0x00000000000003b4       0x31 /usr/local/mcuxpressoide-10.3.0_2200/ide/plugins/com.nxp.mcuxpresso.tools.linux_10.3.0.201811011841/tools/bin/../lib/gcc/arm-none-eabi/7.3.1/../../../../arm-none-eabi/lib/thumb/v6-m/libcr_semihost_nf.a(__ciob.o)
 .ARM.attributes
                0x00000000000003e5       0x21 /usr/local/mcuxpressoide-10.3.0_2200/ide/plugins/com.nxp.mcuxpresso.tools.linux_10.3.0.201811011841/tools/bin/../lib/gcc/arm-none-eabi/7.3.1/../../../../arm-none-eabi/lib/thumb/v6-m/libcr_semihost_nf.a(__sys_appexit.o)
 .ARM.attributes
                0x0000000000000406       0x31 /usr/local/mcuxpressoide-10.3.0_2200/ide/plugins/com.nxp.mcuxpresso.tools.linux_10.3.0.201811011841/tools/bin/../lib/gcc/arm-none-eabi/7.3.1/../../../../arm-none-eabi/lib/thumb/v6-m/libcr_c.a(memcpy.o)
 .ARM.attributes
                0x0000000000000437       0x31 /usr/local/mcuxpressoide-10.3.0_2200/ide/plugins/com.nxp.mcuxpresso.tools.linux_10.3.0.201811011841/tools/bin/../lib/gcc/arm-none-eabi/7.3.1/../../../../arm-none-eabi/lib/thumb/v6-m/libcr_c.a(memset.o)
 .ARM.attributes
                0x0000000000000468       0x31 /usr/local/mcuxpressoide-10.3.0_2200/ide/plugins/com.nxp.mcuxpresso.tools.linux_10.3.0.201811011841/tools/bin/../lib/gcc/arm-none-eabi/7.3.1/../../../../arm-none-eabi/lib/thumb/v6-m/libcr_c.a(_deferredlazyseek.o)
 .ARM.attributes
                0x0000000000000499       0x31 /usr/local/mcuxpressoide-10.3.0_2200/ide/plugins/com.nxp.mcuxpresso.tools.linux_10.3.0.201811011841/tools/bin/../lib/gcc/arm-none-eabi/7.3.1/../../../../arm-none-eabi/lib/thumb/v6-m/libcr_c.a(_fflush.o)
 .ARM.attributes
                0x00000000000004ca       0x31 /usr/local/mcuxpressoide-10.3.0_2200/ide/plugins/com.nxp.mcuxpresso.tools.linux_10.3.0.201811011841/tools/bin/../lib/gcc/arm-none-eabi/7.3.1/../../../../arm-none-eabi/lib/thumb/v6-m/libcr_c.a(_writebuf.o)
 .ARM.attributes
                0x00000000000004fb       0x31 /usr/local/mcuxpressoide-10.3.0_2200/ide/plugins/com.nxp.mcuxpresso.tools.linux_10.3.0.201811011841/tools/bin/../lib/gcc/arm-none-eabi/7.3.1/../../../../arm-none-eabi/lib/thumb/v6-m/libcr_c.a(alloc.o)
 .ARM.attributes
                0x000000000000052c       0x31 /usr/local/mcuxpressoide-10.3.0_2200/ide/plugins/com.nxp.mcuxpresso.tools.linux_10.3.0.201811011841/tools/bin/../lib/gcc/arm-none-eabi/7.3.1/../../../../arm-none-eabi/lib/thumb/v6-m/libcr_c.a(fputs.o)
 .ARM.attributes
                0x000000000000055d       0x31 /usr/local/mcuxpressoide-10.3.0_2200/ide/plugins/com.nxp.mcuxpresso.tools.linux_10.3.0.201811011841/tools/bin/../lib/gcc/arm-none-eabi/7.3.1/../../../../arm-none-eabi/lib/thumb/v6-m/libcr_c.a(fseek.o)
 .ARM.attributes
                0x000000000000058e       0x31 /usr/local/mcuxpressoide-10.3.0_2200/ide/plugins/com.nxp.mcuxpresso.tools.linux_10.3.0.201811011841/tools/bin/../lib/gcc/arm-none-eabi/7.3.1/../../../../arm-none-eabi/lib/thumb/v6-m/libcr_c.a(ftell.o)
 .ARM.attributes
                0x00000000000005bf       0x31 /usr/local/mcuxpressoide-10.3.0_2200/ide/plugins/com.nxp.mcuxpresso.tools.linux_10.3.0.201811011841/tools/bin/../lib/gcc/arm-none-eabi/7.3.1/../../../../arm-none-eabi/lib/thumb/v6-m/libcr_c.a(initio.o)
 .ARM.attributes
                0x00000000000005f0       0x31 /usr/local/mcuxpressoide-10.3.0_2200/ide/plugins/com.nxp.mcuxpresso.tools.linux_10.3.0.201811011841/tools/bin/../lib/gcc/arm-none-eabi/7.3.1/../../../../arm-none-eabi/lib/thumb/v6-m/libcr_c.a(setvbuf.o)
 .ARM.attributes
                0x0000000000000621       0x31 /usr/local/mcuxpressoide-10.3.0_2200/ide/plugins/com.nxp.mcuxpresso.tools.linux_10.3.0.201811011841/tools/bin/../lib/gcc/arm-none-eabi/7.3.1/../../../../arm-none-eabi/lib/thumb/v6-m/libcr_c.a(__init_alloc.o)
 .ARM.attributes
                0x0000000000000652       0x31 /usr/local/mcuxpressoide-10.3.0_2200/ide/plugins/com.nxp.mcuxpresso.tools.linux_10.3.0.201811011841/tools/bin/../lib/gcc/arm-none-eabi/7.3.1/../../../../arm-none-eabi/lib/thumb/v6-m/libcr_c.a(_cr_sbrk.o)
 .ARM.attributes
                0x0000000000000683       0x31 /usr/local/mcuxpressoide-10.3.0_2200/ide/plugins/com.nxp.mcuxpresso.tools.linux_10.3.0.201811011841/tools/bin/../lib/gcc/arm-none-eabi/7.3.1/../../../../arm-none-eabi/lib/thumb/v6-m/libcr_c.a(_fdopen.o)
 .ARM.attributes
                0x00000000000006b4       0x31 /usr/local/mcuxpressoide-10.3.0_2200/ide/plugins/com.nxp.mcuxpresso.tools.linux_10.3.0.201811011841/tools/bin/../lib/gcc/arm-none-eabi/7.3.1/../../../../arm-none-eabi/lib/thumb/v6-m/libcr_c.a(errno.o)
 .ARM.attributes
                0x00000000000006e5       0x31 /usr/local/mcuxpressoide-10.3.0_2200/ide/plugins/com.nxp.mcuxpresso.tools.linux_10.3.0.201811011841/tools/bin/../lib/gcc/arm-none-eabi/7.3.1/../../../../arm-none-eabi/lib/thumb/v6-m/libcr_c.a(fclose.o)
 .ARM.attributes
                0x0000000000000716       0x31 /usr/local/mcuxpressoide-10.3.0_2200/ide/plugins/com.nxp.mcuxpresso.tools.linux_10.3.0.201811011841/tools/bin/../lib/gcc/arm-none-eabi/7.3.1/../../../../arm-none-eabi/lib/thumb/v6-m/libcr_c.a(fflush.o)
 .ARM.attributes
                0x0000000000000747       0x31 /usr/local/mcuxpressoide-10.3.0_2200/ide/plugins/com.nxp.mcuxpresso.tools.linux_10.3.0.201811011841/tools/bin/../lib/gcc/arm-none-eabi/7.3.1/../../../../arm-none-eabi/lib/thumb/v6-m/libcr_c.a(remove.o)
 .ARM.attributes
                0x0000000000000778       0x31 /usr/local/mcuxpressoide-10.3.0_2200/ide/plugins/com.nxp.mcuxpresso.tools.linux_10.3.0.201811011841/tools/bin/../lib/gcc/arm-none-eabi/7.3.1/../../../../arm-none-eabi/lib/thumb/v6-m/libcr_c.a(strlen.o)
 .ARM.attributes
                0x00000000000007a9       0x31 /usr/local/mcuxpressoide-10.3.0_2200/ide/plugins/com.nxp.mcuxpresso.tools.linux_10.3.0.201811011841/tools/bin/../lib/gcc/arm-none-eabi/7.3.1/../../../../arm-none-eabi/lib/thumb/v6-m/libcr_c.a(_cr_check_heap.o)
 .ARM.attributes
                0x00000000000007da       0x31 /usr/local/mcuxpressoide-10.3.0_2200/ide/plugins/com.nxp.mcuxpresso.tools.linux_10.3.0.201811011841/tools/bin/../lib/gcc/arm-none-eabi/7.3.1/../../../../arm-none-eabi/lib/thumb/v6-m/libcr_c.a(_do_fflush.o)
 .ARM.attributes
                0x000000000000080b       0x21 /usr/local/mcuxpressoide-10.3.0_2200/ide/plugins/com.nxp.mcuxpresso.tools.linux_10.3.0.201811011841/tools/bin/../lib/gcc/arm-none-eabi/7.3.1/thumb/v6-m/libcr_eabihelpers.a(division_32.o)
 .ARM.attributes
                0x000000000000082c       0x21 /usr/local/mcuxpressoide-10.3.0_2200/ide/plugins/com.nxp.mcuxpresso.tools.linux_10.3.0.201811011841/tools/bin/../lib/gcc/arm-none-eabi/7.3.1/thumb/v6-m/libcr_eabihelpers.a(division_idiv0.o)
 .ARM.attributes
                0x000000000000084d       0x21 /usr/local/mcuxpressoide-10.3.0_2200/ide/plugins/com.nxp.mcuxpresso.tools.linux_10.3.0.201811011841/tools/bin/../lib/gcc/arm-none-eabi/7.3.1/thumb/v6-m/libcr_eabihelpers.a(memcpy.o)
 .ARM.attributes
                0x000000000000086e       0x21 /usr/local/mcuxpressoide-10.3.0_2200/ide/plugins/com.nxp.mcuxpresso.tools.linux_10.3.0.201811011841/tools/bin/../lib/gcc/arm-none-eabi/7.3.1/../../../../arm-none-eabi/lib/thumb/v6-m/libcr_semihost_nf.a(__sys_close.o)
 .ARM.attributes
                0x000000000000088f       0x21 /usr/local/mcuxpressoide-10.3.0_2200/ide/plugins/com.nxp.mcuxpresso.tools.linux_10.3.0.201811011841/tools/bin/../lib/gcc/arm-none-eabi/7.3.1/../../../../arm-none-eabi/lib/thumb/v6-m/libcr_semihost_nf.a(__sys_flen.o)
 .ARM.attributes
                0x00000000000008b0       0x21 /usr/local/mcuxpressoide-10.3.0_2200/ide/plugins/com.nxp.mcuxpresso.tools.linux_10.3.0.201811011841/tools/bin/../lib/gcc/arm-none-eabi/7.3.1/../../../../arm-none-eabi/lib/thumb/v6-m/libcr_semihost_nf.a(__sys_istty.o)
 .ARM.attributes
                0x00000000000008d1       0x21 /usr/local/mcuxpressoide-10.3.0_2200/ide/plugins/com.nxp.mcuxpresso.tools.linux_10.3.0.201811011841/tools/bin/../lib/gcc/arm-none-eabi/7.3.1/../../../../arm-none-eabi/lib/thumb/v6-m/libcr_semihost_nf.a(__sys_remove.o)
 .ARM.attributes
                0x00000000000008f2       0x21 /usr/local/mcuxpressoide-10.3.0_2200/ide/plugins/com.nxp.mcuxpresso.tools.linux_10.3.0.201811011841/tools/bin/../lib/gcc/arm-none-eabi/7.3.1/../../../../arm-none-eabi/lib/thumb/v6-m/libcr_semihost_nf.a(__sys_seek.o)
 .ARM.attributes
                0x0000000000000913       0x21 /usr/local/mcuxpressoide-10.3.0_2200/ide/plugins/com.nxp.mcuxpresso.tools.linux_10.3.0.201811011841/tools/bin/../lib/gcc/arm-none-eabi/7.3.1/../../../../arm-none-eabi/lib/thumb/v6-m/libcr_semihost_nf.a(__sys_tmpnam.o)
 .ARM.attributes
                0x0000000000000934       0x21 /usr/local/mcuxpressoide-10.3.0_2200/ide/plugins/com.nxp.mcuxpresso.tools.linux_10.3.0.201811011841/tools/bin/../lib/gcc/arm-none-eabi/7.3.1/../../../../arm-none-eabi/lib/thumb/v6-m/libcr_semihost_nf.a(__sys_write.o)

.debug_frame    0x0000000000000000     0x17c0
 .debug_frame   0x0000000000000000       0x4c ./utilities/fsl_debug_console.o
 .debug_frame   0x000000000000004c      0x3b0 ./startup/startup_lpc824.o
 .debug_frame   0x00000000000003fc       0x88 ./source/LPC824_Project.o
 .debug_frame   0x0000000000000484       0x20 ./source/semihost_hardfault.o
 .debug_frame   0x00000000000004a4      0x29c ./drivers/fsl_clock.o
 .debug_frame   0x0000000000000740      0x370 ./drivers/fsl_dma.o
 .debug_frame   0x0000000000000ab0       0x70 ./drivers/fsl_reset.o
 .debug_frame   0x0000000000000b20      0x488 ./drivers/fsl_spi.o
 .debug_frame   0x0000000000000fa8       0x50 ./drivers/fsl_swm.o
 .debug_frame   0x0000000000000ff8      0x3e4 ./drivers/fsl_usart.o
 .debug_frame   0x00000000000013dc       0xa8 ./device/system_LPC824.o
 .debug_frame   0x0000000000001484       0xb0 ./component/uart/miniusart_adapter.o
 .debug_frame   0x0000000000001534       0x70 ./board/board.o
 .debug_frame   0x00000000000015a4       0xcc ./board/clock_config.o
 .debug_frame   0x0000000000001670       0x2c ./board/peripherals.o
 .debug_frame   0x000000000000169c      0x124 ./board/pin_mux.o
