Archive member included to satisfy reference by file (symbol)

/usr/local/mcuxpressoide-10.3.0_2200/ide/plugins/com.nxp.mcuxpresso.tools.linux_10.3.0.201811011841/tools/bin/../lib/gcc/arm-none-eabi/7.3.1/../../../../arm-none-eabi/lib/thumb/v6-m/libcr_semihost_nf.a(_cr__main.o)
                              ./startup/startup_lpc824.o (__main)
/usr/local/mcuxpressoide-10.3.0_2200/ide/plugins/com.nxp.mcuxpresso.tools.linux_10.3.0.201811011841/tools/bin/../lib/gcc/arm-none-eabi/7.3.1/../../../../arm-none-eabi/lib/thumb/v6-m/libcr_semihost_nf.a(_cr_assert.o)
                              ./source/LPC824_Project.o (__assertion_failed)
/usr/local/mcuxpressoide-10.3.0_2200/ide/plugins/com.nxp.mcuxpresso.tools.linux_10.3.0.201811011841/tools/bin/../lib/gcc/arm-none-eabi/7.3.1/../../../../arm-none-eabi/lib/thumb/v6-m/libcr_semihost_nf.a(__ciob.o)
                              /usr/local/mcuxpressoide-10.3.0_2200/ide/plugins/com.nxp.mcuxpresso.tools.linux_10.3.0.201811011841/tools/bin/../lib/gcc/arm-none-eabi/7.3.1/../../../../arm-none-eabi/lib/thumb/v6-m/libcr_semihost_nf.a(_cr_assert.o) (__Ciob)
/usr/local/mcuxpressoide-10.3.0_2200/ide/plugins/com.nxp.mcuxpresso.tools.linux_10.3.0.201811011841/tools/bin/../lib/gcc/arm-none-eabi/7.3.1/../../../../arm-none-eabi/lib/thumb/v6-m/libcr_semihost_nf.a(__sys_appexit.o)
                              /usr/local/mcuxpressoide-10.3.0_2200/ide/plugins/com.nxp.mcuxpresso.tools.linux_10.3.0.201811011841/tools/bin/../lib/gcc/arm-none-eabi/7.3.1/../../../../arm-none-eabi/lib/thumb/v6-m/libcr_semihost_nf.a(_cr_assert.o) (__sys_appexit)
/usr/local/mcuxpressoide-10.3.0_2200/ide/plugins/com.nxp.mcuxpresso.tools.linux_10.3.0.201811011841/tools/bin/../lib/gcc/arm-none-eabi/7.3.1/../../../../arm-none-eabi/lib/thumb/v6-m/libcr_c.a(memcpy.o)
                              ./source/LPC824_Project.o (memcpy)
/usr/local/mcuxpressoide-10.3.0_2200/ide/plugins/com.nxp.mcuxpresso.tools.linux_10.3.0.201811011841/tools/bin/../lib/gcc/arm-none-eabi/7.3.1/../../../../arm-none-eabi/lib/thumb/v6-m/libcr_c.a(memset.o)
                              ./source/LPC824_Project.o (memset)
/usr/local/mcuxpressoide-10.3.0_2200/ide/plugins/com.nxp.mcuxpresso.tools.linux_10.3.0.201811011841/tools/bin/../lib/gcc/arm-none-eabi/7.3.1/../../../../arm-none-eabi/lib/thumb/v6-m/libcr_c.a(_deferredlazyseek.o)
                              /usr/local/mcuxpressoide-10.3.0_2200/ide/plugins/com.nxp.mcuxpresso.tools.linux_10.3.0.201811011841/tools/bin/../lib/gcc/arm-none-eabi/7.3.1/../../../../arm-none-eabi/lib/thumb/v6-m/libcr_semihost_nf.a(_cr_assert.o) (__flsbuf)
/usr/local/mcuxpressoide-10.3.0_2200/ide/plugins/com.nxp.mcuxpresso.tools.linux_10.3.0.201811011841/tools/bin/../lib/gcc/arm-none-eabi/7.3.1/../../../../arm-none-eabi/lib/thumb/v6-m/libcr_c.a(_fflush.o)
                              /usr/local/mcuxpressoide-10.3.0_2200/ide/plugins/com.nxp.mcuxpresso.tools.linux_10.3.0.201811011841/tools/bin/../lib/gcc/arm-none-eabi/7.3.1/../../../../arm-none-eabi/lib/thumb/v6-m/libcr_c.a(_deferredlazyseek.o) (_fflush)
/usr/local/mcuxpressoide-10.3.0_2200/ide/plugins/com.nxp.mcuxpresso.tools.linux_10.3.0.201811011841/tools/bin/../lib/gcc/arm-none-eabi/7.3.1/../../../../arm-none-eabi/lib/thumb/v6-m/libcr_c.a(_writebuf.o)
                              /usr/local/mcuxpressoide-10.3.0_2200/ide/plugins/com.nxp.mcuxpresso.tools.linux_10.3.0.201811011841/tools/bin/../lib/gcc/arm-none-eabi/7.3.1/../../../../arm-none-eabi/lib/thumb/v6-m/libcr_c.a(_deferredlazyseek.o) (_Cwritebuf)
/usr/local/mcuxpressoide-10.3.0_2200/ide/plugins/com.nxp.mcuxpresso.tools.linux_10.3.0.201811011841/tools/bin/../lib/gcc/arm-none-eabi/7.3.1/../../../../arm-none-eabi/lib/thumb/v6-m/libcr_c.a(alloc.o)
                              ./drivers/fsl_common.o (malloc)
/usr/local/mcuxpressoide-10.3.0_2200/ide/plugins/com.nxp.mcuxpresso.tools.linux_10.3.0.201811011841/tools/bin/../lib/gcc/arm-none-eabi/7.3.1/../../../../arm-none-eabi/lib/thumb/v6-m/libcr_c.a(fputs.o)
                              /usr/local/mcuxpressoide-10.3.0_2200/ide/plugins/com.nxp.mcuxpresso.tools.linux_10.3.0.201811011841/tools/bin/../lib/gcc/arm-none-eabi/7.3.1/../../../../arm-none-eabi/lib/thumb/v6-m/libcr_semihost_nf.a(_cr_assert.o) (fputs)
/usr/local/mcuxpressoide-10.3.0_2200/ide/plugins/com.nxp.mcuxpresso.tools.linux_10.3.0.201811011841/tools/bin/../lib/gcc/arm-none-eabi/7.3.1/../../../../arm-none-eabi/lib/thumb/v6-m/libcr_c.a(fseek.o)
                              /usr/local/mcuxpressoide-10.3.0_2200/ide/plugins/com.nxp.mcuxpresso.tools.linux_10.3.0.201811011841/tools/bin/../lib/gcc/arm-none-eabi/7.3.1/../../../../arm-none-eabi/lib/thumb/v6-m/libcr_c.a(_deferredlazyseek.o) (fseek)
/usr/local/mcuxpressoide-10.3.0_2200/ide/plugins/com.nxp.mcuxpresso.tools.linux_10.3.0.201811011841/tools/bin/../lib/gcc/arm-none-eabi/7.3.1/../../../../arm-none-eabi/lib/thumb/v6-m/libcr_c.a(ftell.o)
[...]
Memory Configuration

Name             Origin             Length             Attributes
PROGRAM_FLASH    0x0000000000000000 0x0000000000008000 xr
SRAM             0x0000000010000000 0x0000000000002000 xrw
*default*        0x0000000000000000 0xffffffffffffffff

Linker script and memory map

LOAD ./utilities/fsl_debug_console.o
LOAD ./startup/startup_lpc824.o
LOAD ./source/LPC824_Project.o
LOAD ./source/mtb.o
LOAD ./source/semihost_hardfault.o
LOAD ./drivers/fsl_clock.o
LOAD ./drivers/fsl_common.o
LOAD ./drivers/fsl_dma.o
LOAD ./drivers/fsl_gpio.o
LOAD ./drivers/fsl_power.o
LOAD ./drivers/fsl_reset.o
LOAD ./drivers/fsl_spi.o
LOAD ./drivers/fsl_swm.o
LOAD ./drivers/fsl_usart.o
LOAD ./device/system_LPC824.o
LOAD ./component/uart/miniusart_adapter.o
LOAD ./board/board.o
LOAD ./board/clock_config.o
LOAD ./board/peripherals.o
LOAD ./board/pin_mux.o
START GROUP
LOAD /usr/local/mcuxpressoide-10.3.0_2200/ide/plugins/com.nxp.mcuxpresso.tools.linux_10.3.0.201811011841/tools/bin/../lib/gcc/arm-none-eabi/7.3.1/../../../../arm-none-eabi/lib/thumb/v6-m/libcr_semihost_nf.a
LOAD /usr/local/mcuxpressoide-10.3.0_2200/ide/plugins/com.nxp.mcuxpresso.tools.linux_10.3.0.201811011841/tools/bin/../lib/gcc/arm-none-eabi/7.3.1/../../../../arm-none-eabi/lib/thumb/v6-m/libcr_c.a
LOAD /usr/local/mcuxpressoide-10.3.0_2200/ide/plugins/com.nxp.mcuxpresso.tools.linux_10.3.0.201811011841/tools/bin/../lib/gcc/arm-none-eabi/7.3.1/thumb/v6-m/libcr_eabihelpers.a
END GROUP
                0x0000000000000000                __base_PROGRAM_FLASH = 0x0
                0x0000000000000000                __base_Flash = 0x0
                0x0000000000008000                __top_PROGRAM_FLASH = 0x8000
                0x0000000000008000                __top_Flash = 0x8000
                0x0000000010000000                __base_SRAM = 0x10000000
                0x0000000010000000                __base_RAM = 0x10000000
                0x0000000010002000                __top_SRAM = 0x10002000
                0x0000000010002000                __top_RAM = 0x10002000

.text           0x0000000000000000     0x481c
 FILL mask 0xff
                0x0000000000000000                __vectors_start__ = ABSOLUTE (.)
 *(SORT_BY_ALIGNMENT(.isr_vector))
 .isr_vector    0x0000000000000000       0xc0 ./startup/startup_lpc824.o
                0x0000000000000000                __Vectors
                0x0000000000000000                g_pfnVectors
                0x00000000000000c0                . = ALIGN (0x4)
                0x00000000000000c0                __section_table_start = .
                0x00000000000000c0                __data_section_table = .
                0x00000000000000c0        0x4 LONG 0x481c LOADADDR (.data)
                0x00000000000000c4        0x4 LONG 0x10000080 ADDR (.data)
                0x00000000000000c8        0x4 LONG 0x4 SIZEOF (.data)
                0x00000000000000cc                __data_section_table_end = .
                0x00000000000000cc                __bss_section_table = .
                0x00000000000000cc        0x4 LONG 0x10000200 ADDR (.bss)
                0x00000000000000d0        0x4 LONG 0x388 SIZEOF (.bss)
                0x00000000000000d4                __bss_section_table_end = .
                0x00000000000000d4                __section_table_end = .
 *(SORT_BY_ALIGNMENT(.after_vectors*))
 .after_vectors.reset
                0x00000000000000d4       0x4c ./startup/startup_lpc824.o
                0x00000000000000d4                ResetISR
 .after_vectors.init_data
                0x0000000000000120       0x16 ./startup/startup_lpc824.o
                0x0000000000000120                data_init
 .after_vectors.init_bss
                0x0000000000000136       0x12 ./startup/startup_lpc824.o
                0x0000000000000136                bss_init
 .after_vectors
                0x0000000000000148      0x10c ./startup/startup_lpc824.o
                0x0000000000000148                NMI_Handler
                0x000000000000014c                SVC_Handler
                0x000000000000014e                PendSV_Handler
                0x0000000000000150                SysTick_Handler
                0x0000000000000152                Reserved39_DriverIRQHandler
                0x0000000000000152                ADC0_OVR_DriverIRQHandler
                0x0000000000000152                I2C3_DriverIRQHandler
                0x0000000000000152                PIN_INT3_DriverIRQHandler
                0x0000000000000152                PIN_INT2_DriverIRQHandler
                0x0000000000000152                I2C2_DriverIRQHandler
                0x0000000000000152                PIN_INT0_DriverIRQHandler
                0x0000000000000152                IntDefaultHandler
                0x0000000000000152                WKT_DriverIRQHandler
                0x0000000000000152                MRT0_DriverIRQHandler
                0x0000000000000152                PIN_INT4_DriverIRQHandler
                0x0000000000000152                PIN_INT5_DriverIRQHandler
                0x0000000000000152                CMP_CAPT_DriverIRQHandler
                0x0000000000000152                ADC0_THCMP_DriverIRQHandler
                0x0000000000000152                PIN_INT7_DriverIRQHandler
                0x0000000000000152                Reserved22_DriverIRQHandler
                0x0000000000000152                FLASH_DriverIRQHandler
                0x0000000000000152                ADC0_SEQB_DriverIRQHandler
                0x0000000000000152                PIN_INT6_DriverIRQHandler
                0x0000000000000152                Reserved18_DriverIRQHandler
                0x0000000000000152                WDT_DriverIRQHandler
                0x0000000000000152                PIN_INT1_DriverIRQHandler
                0x0000000000000152                BOD_DriverIRQHandler
                0x0000000000000152                I2C1_DriverIRQHandler
                0x0000000000000152                ADC0_SEQA_DriverIRQHandler
                0x0000000000000152                I2C0_DriverIRQHandler
                0x0000000000000152                SCT0_DriverIRQHandler
                0x0000000000000154                SPI0_IRQHandler
                0x000000000000015c                SPI1_IRQHandler
                0x0000000000000164                Reserved18_IRQHandler
                0x000000000000016c                USART0_IRQHandler
                0x0000000000000174                USART1_IRQHandler
                0x000000000000017c                USART2_IRQHandler
                0x0000000000000184                Reserved22_IRQHandler
                0x000000000000018c                I2C1_IRQHandler
                0x0000000000000194                I2C0_IRQHandler
                0x000000000000019c                SCT0_IRQHandler
                0x00000000000001a4                MRT0_IRQHandler
                0x00000000000001ac                CMP_CAPT_IRQHandler
                0x00000000000001b4                WDT_IRQHandler
                0x00000000000001bc                BOD_IRQHandler
                0x00000000000001c4                FLASH_IRQHandler
                0x00000000000001cc                WKT_IRQHandler
                0x00000000000001d4                ADC0_SEQA_IRQHandler
                0x00000000000001dc                ADC0_SEQB_IRQHandler
                0x00000000000001e4                ADC0_THCMP_IRQHandler
                0x00000000000001ec                ADC0_OVR_IRQHandler
                0x00000000000001f4                DMA0_IRQHandler
                0x00000000000001fc                I2C2_IRQHandler
                0x0000000000000204                I2C3_IRQHandler
                0x000000000000020c                Reserved39_IRQHandler
                0x0000000000000214                PIN_INT0_IRQHandler
                0x000000000000021c                PIN_INT1_IRQHandler
                0x0000000000000224                PIN_INT2_IRQHandler
                0x000000000000022c                PIN_INT3_IRQHandler
                0x0000000000000234                PIN_INT4_IRQHandler
                0x000000000000023c                PIN_INT5_IRQHandler
                0x0000000000000244                PIN_INT6_IRQHandler
                0x000000000000024c                PIN_INT7_IRQHandler
 *(SORT_BY_ALIGNMENT(.text*))
 .text.CLOCK_EnableClock
                0x0000000000000254       0x30 ./source/LPC824_Project.o
 .text.CLOCK_SetClkDivider
                0x0000000000000284       0x30 ./source/LPC824_Project.o
 .text.DMA_EnableChannel
                0x00000000000002b4       0x5c ./source/LPC824_Project.o
 .text.DMA_SetChannelPriority
                0x0000000000000310       0x54 ./source/LPC824_Project.o
 .text.SPI_DmaTxCallback
                0x0000000000000364       0x24 ./source/LPC824_Project.o
 .text.SPI_DmaRxCallback
                0x0000000000000388       0x24 ./source/LPC824_Project.o
 .text.USARTUserCallback
                0x00000000000003ac       0xb0 ./source/LPC824_Project.o
 .text.main     0x000000000000045c       0x50 ./source/LPC824_Project.o
                0x000000000000045c                main
 .text.USARTInit
                0x00000000000004ac       0x3c ./source/LPC824_Project.o
 .text.USARTPrepareTransfer
                0x00000000000004e8       0x4c ./source/LPC824_Project.o
 .text.SPIMasterInit
                0x0000000000000534       0x48 ./source/LPC824_Project.o
 .text.MasterDMASetup
                0x000000000000057c       0x84 ./source/LPC824_Project.o
 .text.MasterStartDMATransfer
                0x0000000000000600       0xec ./source/LPC824_Project.o
 .text.HardFault_Handler
                0x00000000000006ec       0x30 ./source/semihost_hardfault.o
                0x00000000000006ec                HardFault_Handler
 .text.CLOCK_GetCoreSysClkFreq
                0x000000000000071c       0x24 ./drivers/fsl_clock.o
 .text.CLOCK_GetSystemPLLFreq
                0x0000000000000740       0x20 ./drivers/fsl_clock.o
 .text.CLOCK_GetWdtOscFreq
                0x0000000000000760       0x14 ./drivers/fsl_clock.o
 .text.CLOCK_GetExtClkFreq
                0x0000000000000774       0x14 ./drivers/fsl_clock.o
 .text.CLOCK_UpdateClkSrc
                0x0000000000000788       0x4c ./drivers/fsl_clock.o
 .text.CLOCK_GetIrcFreq
                0x00000000000007d4       0x10 ./drivers/fsl_clock.o
                0x00000000000007d4                CLOCK_GetIrcFreq
 .text.CLOCK_GetSysOscFreq
                0x00000000000007e4       0x30 ./drivers/fsl_clock.o
                0x00000000000007e4                CLOCK_GetSysOscFreq
 .text.CLOCK_GetMainClkFreq
                0x0000000000000814       0x54 ./drivers/fsl_clock.o
                0x0000000000000814                CLOCK_GetMainClkFreq
 .text.CLOCK_GetFreq
                0x0000000000000868       0x70 ./drivers/fsl_clock.o
                0x0000000000000868                CLOCK_GetFreq
 .text.CLOCK_GetSystemPLLInClockRate
                0x00000000000008d8       0x4c ./drivers/fsl_clock.o
                0x00000000000008d8                CLOCK_GetSystemPLLInClockRate
 .text.findSyestemPllPsel
                0x0000000000000924       0x50 ./drivers/fsl_clock.o
 .text.CLOCK_InitSystemPll
                0x0000000000000974      0x104 ./drivers/fsl_clock.o
                0x0000000000000974                CLOCK_InitSystemPll
 .text.CLOCK_SetMainClkSrc
                0x0000000000000a78       0x6c ./drivers/fsl_clock.o
                0x0000000000000a78                CLOCK_SetMainClkSrc
 .text.__NVIC_EnableIRQ
                0x0000000000000ae4       0x34 ./drivers/fsl_dma.o
 .text.CLOCK_EnableClock
                0x0000000000000b18       0x30 ./drivers/fsl_dma.o
 .text.DMA_ChannelIsActive
                0x0000000000000b48       0x50 ./drivers/fsl_dma.o
 .text.DMA_EnableChannelInterrupts
                0x0000000000000b98       0x5c ./drivers/fsl_dma.o
 .text.DMA_EnableChannelPeriphRq
                0x0000000000000bf4       0x40 ./drivers/fsl_dma.o
 .text.DMA_DisableChannelPeriphRq
                0x0000000000000c34       0x40 ./drivers/fsl_dma.o
 .text.DMA_GetInstance
                0x0000000000000c74       0x48 ./drivers/fsl_dma.o
 .text.DMA_Init
                0x0000000000000cbc       0x38 ./drivers/fsl_dma.o
                0x0000000000000cbc                DMA_Init
 .text.DMA_SetupXferCFG
                0x0000000000000cf4      0x1b8 ./drivers/fsl_dma.o
 .text.DMA_CreateDescriptor
                0x0000000000000eac       0xf0 ./drivers/fsl_dma.o
                0x0000000000000eac                DMA_CreateDescriptor
 .text.DMA_CreateHandle
                0x0000000000000f9c       0x7c ./drivers/fsl_dma.o
                0x0000000000000f9c                DMA_CreateHandle
 .text.DMA_SetCallback
                0x0000000000001018       0x34 ./drivers/fsl_dma.o
                0x0000000000001018                DMA_SetCallback
 .text.DMA_PrepareTransfer
                0x000000000000104c      0x134 ./drivers/fsl_dma.o
                0x000000000000104c                DMA_PrepareTransfer
 .text.DMA_SubmitTransfer
                0x0000000000001180       0xb8 ./drivers/fsl_dma.o
                0x0000000000001180                DMA_SubmitTransfer
 .text.DMA_StartTransfer
                0x0000000000001238      0x100 ./drivers/fsl_dma.o
                0x0000000000001238                DMA_StartTransfer
 .text.DMA_IRQHandle
                0x0000000000001338      0x168 ./drivers/fsl_dma.o
                0x0000000000001338                DMA_IRQHandle
 .text.DMA0_DriverIRQHandler
                0x00000000000014a0       0x18 ./drivers/fsl_dma.o
                0x00000000000014a0                DMA0_DriverIRQHandler
 .text.RESET_SetPeripheralReset
                0x00000000000014b8       0x48 ./drivers/fsl_reset.o
 .text.RESET_ClearPeripheralReset
                0x0000000000001500       0x48 ./drivers/fsl_reset.o
 .text.CLOCK_EnableClock
                0x0000000000001548       0x30 ./drivers/fsl_spi.o
 .text.SPI_GetInstance
                0x0000000000001578       0x5c ./drivers/fsl_spi.o
                0x0000000000001578                SPI_GetInstance
 .text.SPI_SetDummyData
                0x00000000000015d4       0x34 ./drivers/fsl_spi.o
                0x00000000000015d4                SPI_SetDummyData
 .text.SPI_SetTransferDelay
                0x0000000000001608       0x58 ./drivers/fsl_spi.o
                0x0000000000001608                SPI_SetTransferDelay
 .text.SPI_MasterGetDefaultConfig
                0x0000000000001660       0x88 ./drivers/fsl_spi.o
                0x0000000000001660                SPI_MasterGetDefaultConfig
 .text.SPI_MasterInit
                0x00000000000016e8      0x128 ./drivers/fsl_spi.o
                0x00000000000016e8                SPI_MasterInit
 .text.SPI_MasterSetBaudRate
                0x0000000000001810       0x74 ./drivers/fsl_spi.o
                0x0000000000001810                SPI_MasterSetBaudRate
 .text.SPI_CommonIRQHandler
                0x0000000000001884       0x40 ./drivers/fsl_spi.o
 .text.SPI0_DriverIRQHandler
                0x00000000000018c4       0x34 ./drivers/fsl_spi.o
                0x00000000000018c4                SPI0_DriverIRQHandler
 .text.SPI1_DriverIRQHandler
                0x00000000000018f8       0x34 ./drivers/fsl_spi.o
                0x00000000000018f8                SPI1_DriverIRQHandler
 .text.SWM_SetMovablePinSelect
                0x000000000000192c       0x9c ./drivers/fsl_swm.o
                0x000000000000192c                SWM_SetMovablePinSelect
 .text.__NVIC_EnableIRQ
                0x00000000000019c8       0x34 ./drivers/fsl_usart.o
 .text.CLOCK_EnableClock
                0x00000000000019fc       0x30 ./drivers/fsl_usart.o
 .text.USART_GetInstance
                0x0000000000001a2c       0x44 ./drivers/fsl_usart.o
                0x0000000000001a2c                USART_GetInstance
 .text.USART_TransferGetRxRingBufferLength
                0x0000000000001a70       0x64 ./drivers/fsl_usart.o
                0x0000000000001a70                USART_TransferGetRxRingBufferLength
 .text.USART_TransferIsRxRingBufferFull
                0x0000000000001ad4       0x58 ./drivers/fsl_usart.o
 .text.USART_Init
                0x0000000000001b2c       0xf8 ./drivers/fsl_usart.o
                0x0000000000001b2c                USART_Init
 .text.USART_GetDefaultConfig
                0x0000000000001c24       0x60 ./drivers/fsl_usart.o
                0x0000000000001c24                USART_GetDefaultConfig
 .text.USART_SetBaudRate
                0x0000000000001c84      0x134 ./drivers/fsl_usart.o
                0x0000000000001c84                USART_SetBaudRate
 .text.USART_TransferCreateHandle
                0x0000000000001db8       0x98 ./drivers/fsl_usart.o
                0x0000000000001db8                USART_TransferCreateHandle
 .text.USART_TransferSendNonBlocking
                0x0000000000001e50       0x9c ./drivers/fsl_usart.o
                0x0000000000001e50                USART_TransferSendNonBlocking
 .text.USART_TransferReceiveNonBlocking
                0x0000000000001eec      0x194 ./drivers/fsl_usart.o
                0x0000000000001eec                USART_TransferReceiveNonBlocking
 .text.USART_TransferHandleIRQ
                0x0000000000002080      0x24c ./drivers/fsl_usart.o
                0x0000000000002080                USART_TransferHandleIRQ
 .text.USART0_DriverIRQHandler
                0x00000000000022cc       0x24 ./drivers/fsl_usart.o
                0x00000000000022cc                USART0_DriverIRQHandler
 .text.USART1_DriverIRQHandler
                0x00000000000022f0       0x24 ./drivers/fsl_usart.o
                0x00000000000022f0                USART1_DriverIRQHandler
 .text.USART2_DriverIRQHandler
                0x0000000000002314       0x24 ./drivers/fsl_usart.o
                0x0000000000002314                USART2_DriverIRQHandler
 .text.SystemInit
                0x0000000000002338       0x2c ./device/system_LPC824.o
                0x0000000000002338                SystemInit
 .text.CLOCK_Select
                0x0000000000002364       0x38 ./board/clock_config.o
 .text.CLOCK_SetCoreSysClkDiv
                0x000000000000239c       0x3c ./board/clock_config.o
 .text.POWER_DisablePD
                0x00000000000023d8       0x2c ./board/clock_config.o
 .text.BOARD_BootClockIRC12M
                0x0000000000002404       0x6c ./board/clock_config.o
                0x0000000000002404                BOARD_BootClockIRC12M
 .text.CLOCK_EnableClock
                0x0000000000002470       0x30 ./board/pin_mux.o
 .text.CLOCK_DisableClock
                0x00000000000024a0       0x34 ./board/pin_mux.o
 .text.BOARD_InitPins
                0x00000000000024d4       0xa0 ./board/pin_mux.o
                0x00000000000024d4                BOARD_InitPins
 .text.__assertion_failed
                0x0000000000002574       0x4c /usr/local/mcuxpressoide-10.3.0_2200/ide/plugins/com.nxp.mcuxpresso.tools.linux_10.3.0.201811011841/tools/bin/../lib/gcc/arm-none-eabi/7.3.1/../../../../arm-none-eabi/lib/thumb/v6-m/libcr_semihost_nf.a(_cr_assert.o)
                0x0000000000002574                __assertion_failed
 .text.__sys_appexit
                0x00000000000025c0        0xc /usr/local/mcuxpressoide-10.3.0_2200/ide/plugins/com.nxp.mcuxpresso.tools.linux_10.3.0.201811011841/tools/bin/../lib/gcc/arm-none-eabi/7.3.1/../../../../arm-none-eabi/lib/thumb/v6-m/libcr_semihost_nf.a(__sys_appexit.o)
                0x00000000000025c0                __exit
                0x00000000000025c0                __sys_appexit
 .text._deferredlazyseek
                0x00000000000025cc       0x40 /usr/local/mcuxpressoide-10.3.0_2200/ide/plugins/com.nxp.mcuxpresso.tools.linux_10.3.0.201811011841/tools/bin/../lib/gcc/arm-none-eabi/7.3.1/../../../../arm-none-eabi/lib/thumb/v6-m/libcr_c.a(_deferredlazyseek.o)
                0x00000000000025cc                _deferredlazyseek
 .text.__flsbuf
                0x000000000000260c      0x14c /usr/local/mcuxpressoide-10.3.0_2200/ide/plugins/com.nxp.mcuxpresso.tools.linux_10.3.0.201811011841/tools/bin/../lib/gcc/arm-none-eabi/7.3.1/../../../../arm-none-eabi/lib/thumb/v6-m/libcr_c.a(_deferredlazyseek.o)
                0x000000000000260c                __flsbuf
 .text._fflush  0x0000000000002758       0x5c /usr/local/mcuxpressoide-10.3.0_2200/ide/plugins/com.nxp.mcuxpresso.tools.linux_10.3.0.201811011841/tools/bin/../lib/gcc/arm-none-eabi/7.3.1/../../../../arm-none-eabi/lib/thumb/v6-m/libcr_c.a(_fflush.o)
                0x0000000000002758                _fflush
 .text._Cwritebuf
                0x00000000000027b4       0x68 /usr/local/mcuxpressoide-10.3.0_2200/ide/plugins/com.nxp.mcuxpresso.tools.linux_10.3.0.201811011841/tools/bin/../lib/gcc/arm-none-eabi/7.3.1/../../../../arm-none-eabi/lib/thumb/v6-m/libcr_c.a(_writebuf.o)
                0x00000000000027b4                _Cwritebuf
 .text.malloc   0x000000000000281c       0xcc /usr/local/mcuxpressoide-10.3.0_2200/ide/plugins/com.nxp.mcuxpresso.tools.linux_10.3.0.201811011841/tools/bin/../lib/gcc/arm-none-eabi/7.3.1/../../../../arm-none-eabi/lib/thumb/v6-m/libcr_c.a(alloc.o)
                0x000000000000281c                malloc
 .text._Csys_alloc
                0x00000000000028e8       0x20 /usr/local/mcuxpressoide-10.3.0_2200/ide/plugins/com.nxp.mcuxpresso.tools.linux_10.3.0.201811011841/tools/bin/../lib/gcc/arm-none-eabi/7.3.1/../../../../arm-none-eabi/lib/thumb/v6-m/libcr_c.a(alloc.o)
                0x00000000000028e8                _Csys_alloc
 .text.fseek    0x0000000000002908       0xf0 /usr/local/mcuxpressoide-10.3.0_2200/ide/plugins/com.nxp.mcuxpresso.tools.linux_10.3.0.201811011841/tools/bin/../lib/gcc/arm-none-eabi/7.3.1/../../../../arm-none-eabi/lib/thumb/v6-m/libcr_c.a(fseek.o)
                0x0000000000002908                fseek
 .text.ftell    0x00000000000029f8       0x48 /usr/local/mcuxpressoide-10.3.0_2200/ide/plugins/com.nxp.mcuxpresso.tools.linux_10.3.0.201811011841/tools/bin/../lib/gcc/arm-none-eabi/7.3.1/../../../../arm-none-eabi/lib/thumb/v6-m/libcr_c.a(ftell.o)
                0x00000000000029f8                ftell
 .text._initio  0x0000000000002a40       0x7c /usr/local/mcuxpressoide-10.3.0_2200/ide/plugins/com.nxp.mcuxpresso.tools.linux_10.3.0.201811011841/tools/bin/../lib/gcc/arm-none-eabi/7.3.1/../../../../arm-none-eabi/lib/thumb/v6-m/libcr_c.a(initio.o)
                0x0000000000002a40                _initio
 .text.setvbuf  0x0000000000002abc       0x48 /usr/local/mcuxpressoide-10.3.0_2200/ide/plugins/com.nxp.mcuxpresso.tools.linux_10.3.0.201811011841/tools/bin/../lib/gcc/arm-none-eabi/7.3.1/../../../../arm-none-eabi/lib/thumb/v6-m/libcr_c.a(setvbuf.o)
                0x0000000000002abc                setvbuf
 .text._sbrk    0x0000000000002b04       0x40 /usr/local/mcuxpressoide-10.3.0_2200/ide/plugins/com.nxp.mcuxpresso.tools.linux_10.3.0.201811011841/tools/bin/../lib/gcc/arm-none-eabi/7.3.1/../../../../arm-none-eabi/lib/thumb/v6-m/libcr_c.a(_cr_sbrk.o)
                0x0000000000002b04                _sbrk
 .text._fdopen  0x0000000000002b44       0x74 /usr/local/mcuxpressoide-10.3.0_2200/ide/plugins/com.nxp.mcuxpresso.tools.linux_10.3.0.201811011841/tools/bin/../lib/gcc/arm-none-eabi/7.3.1/../../../../arm-none-eabi/lib/thumb/v6-m/libcr_c.a(_fdopen.o)
                0x0000000000002b44                _fdopen
 .text.fclose   0x0000000000002bb8       0x5c /usr/local/mcuxpressoide-10.3.0_2200/ide/plugins/com.nxp.mcuxpresso.tools.linux_10.3.0.201811011841/tools/bin/../lib/gcc/arm-none-eabi/7.3.1/../../../../arm-none-eabi/lib/thumb/v6-m/libcr_c.a(fclose.o)
                0x0000000000002bb8                fclose
 .text.fflush   0x0000000000002c14       0x44 /usr/local/mcuxpressoide-10.3.0_2200/ide/plugins/com.nxp.mcuxpresso.tools.linux_10.3.0.201811011841/tools/bin/../lib/gcc/arm-none-eabi/7.3.1/../../../../arm-none-eabi/lib/thumb/v6-m/libcr_c.a(fflush.o)
                0x0000000000002c14                fflush
 .text.strlen   0x0000000000002c58       0x58 /usr/local/mcuxpressoide-10.3.0_2200/ide/plugins/com.nxp.mcuxpresso.tools.linux_10.3.0.201811011841/tools/bin/../lib/gcc/arm-none-eabi/7.3.1/../../../../arm-none-eabi/lib/thumb/v6-m/libcr_c.a(strlen.o)
                0x0000000000002c58                strlen
 .text.__check_heap_overflow
                0x0000000000002cb0       0x14 /usr/local/mcuxpressoide-10.3.0_2200/ide/plugins/com.nxp.mcuxpresso.tools.linux_10.3.0.201811011841/tools/bin/../lib/gcc/arm-none-eabi/7.3.1/../../../../arm-none-eabi/lib/thumb/v6-m/libcr_c.a(_cr_check_heap.o)
                0x0000000000002cb0                __check_heap_overflow
 .text._do_fflush
                0x0000000000002cc4       0x44 /usr/local/mcuxpressoide-10.3.0_2200/ide/plugins/com.nxp.mcuxpresso.tools.linux_10.3.0.201811011841/tools/bin/../lib/gcc/arm-none-eabi/7.3.1/../../../../arm-none-eabi/lib/thumb/v6-m/libcr_c.a(_do_fflush.o)
                0x0000000000002cc4                _do_fflush
 .text.GPIO_PinWrite
                0x0000000000002d08       0x34 ./source/LPC824_Project.o
 .text.EnableIRQ
                0x0000000000002d3c       0x30 ./drivers/fsl_dma.o
 .text.DMA_GetVirtualStartChannel
                0x0000000000002d6c       0x44 ./drivers/fsl_dma.o
 .text.DMA_SetupDescriptor
                0x0000000000002db0       0x2e ./drivers/fsl_dma.o
 .text.RESET_PeripheralReset
                0x0000000000002dde       0x28 ./drivers/fsl_reset.o
                0x0000000000002dde                RESET_PeripheralReset
 .text.SPI_Enable
                0x0000000000002e06       0x3a ./drivers/fsl_spi.o
 .text.SPI_IsMaster
                0x0000000000002e40       0x1e ./drivers/fsl_spi.o
 .text.EnableIRQ
                0x0000000000002e5e       0x30 ./drivers/fsl_usart.o
 .text.USART_GetStatusFlags
                0x0000000000002e8e       0x14 ./drivers/fsl_usart.o
 .text.USART_EnableInterrupts
                0x0000000000002ea2       0x1c ./drivers/fsl_usart.o
 .text.USART_DisableInterrupts
                0x0000000000002ebe       0x1c ./drivers/fsl_usart.o
 .text.USART_EnableTx
                0x0000000000002eda       0x46 ./drivers/fsl_usart.o
 .text.USART_EnableRx
                0x0000000000002f20       0x44 ./drivers/fsl_usart.o
 .text.SystemInitHook
                0x0000000000002f64        0xa ./device/system_LPC824.o
                0x0000000000002f64                SystemInitHook
 .text.BOARD_InitBootClocks
                0x0000000000002f6e        0xe ./board/clock_config.o
                0x0000000000002f6e                BOARD_InitBootClocks
 .text.BOARD_InitBootPeripherals
                0x0000000000002f7c        0xa ./board/peripherals.o
                0x0000000000002f7c                BOARD_InitBootPeripherals
 .text.BOARD_InitBootPins
                0x0000000000002f86       0x12 ./board/pin_mux.o
                0x0000000000002f86                BOARD_InitBootPins
 .text.BOARD_InitDEBUG_UARTPins
                0x0000000000002f98       0x10 ./board/pin_mux.o
                0x0000000000002f98                BOARD_InitDEBUG_UARTPins
 .text.__main   0x0000000000002fa8        0xc /usr/local/mcuxpressoide-10.3.0_2200/ide/plugins/com.nxp.mcuxpresso.tools.linux_10.3.0.201811011841/tools/bin/../lib/gcc/arm-none-eabi/7.3.1/../../../../arm-none-eabi/lib/thumb/v6-m/libcr_semihost_nf.a(_cr__main.o)
                0x0000000000002fa8                __main
                0x0000000000002fa8                __CR_SEMIHOST
 .text.memcpy   0x0000000000002fb4        0x8 /usr/local/mcuxpressoide-10.3.0_2200/ide/plugins/com.nxp.mcuxpresso.tools.linux_10.3.0.201811011841/tools/bin/../lib/gcc/arm-none-eabi/7.3.1/../../../../arm-none-eabi/lib/thumb/v6-m/libcr_c.a(memcpy.o)
                0x0000000000002fb4                memcpy
 .text.memset   0x0000000000002fbc        0x8 /usr/local/mcuxpressoide-10.3.0_2200/ide/plugins/com.nxp.mcuxpresso.tools.linux_10.3.0.201811011841/tools/bin/../lib/gcc/arm-none-eabi/7.3.1/../../../../arm-none-eabi/lib/thumb/v6-m/libcr_c.a(memset.o)
                0x0000000000002fbc                memset
 .text.free     0x0000000000002fc4       0x2c /usr/local/mcuxpressoide-10.3.0_2200/ide/plugins/com.nxp.mcuxpresso.tools.linux_10.3.0.201811011841/tools/bin/../lib/gcc/arm-none-eabi/7.3.1/../../../../arm-none-eabi/lib/thumb/v6-m/libcr_c.a(alloc.o)
                0x0000000000002fc4                free
 .text.fputs    0x0000000000002ff0       0x2e /usr/local/mcuxpressoide-10.3.0_2200/ide/plugins/com.nxp.mcuxpresso.tools.linux_10.3.0.201811011841/tools/bin/../lib/gcc/arm-none-eabi/7.3.1/../../../../arm-none-eabi/lib/thumb/v6-m/libcr_c.a(fputs.o)
                0x0000000000002ff0                fputs
 .text.remove   0x000000000000301e       0x12 /usr/local/mcuxpressoide-10.3.0_2200/ide/plugins/com.nxp.mcuxpresso.tools.linux_10.3.0.201811011841/tools/bin/../lib/gcc/arm-none-eabi/7.3.1/../../../../arm-none-eabi/lib/thumb/v6-m/libcr_c.a(remove.o)
                0x000000000000301e                remove
 .text.__aeabi_division_idivmod
                0x0000000000003030       0x78 /usr/local/mcuxpressoide-10.3.0_2200/ide/plugins/com.nxp.mcuxpresso.tools.linux_10.3.0.201811011841/tools/bin/../lib/gcc/arm-none-eabi/7.3.1/thumb/v6-m/libcr_eabihelpers.a(division_32.o)
                0x0000000000003030                __aeabi_idiv
                0x0000000000003030                __aeabi_idivmod
                0x0000000000003036                __aeabi_uidiv
                0x0000000000003036                __aeabi_uidivmod
 .text.__aeabi_division_idiv0
                0x00000000000030a8        0x2 /usr/local/mcuxpressoide-10.3.0_2200/ide/plugins/com.nxp.mcuxpresso.tools.linux_10.3.0.201811011841/tools/bin/../lib/gcc/arm-none-eabi/7.3.1/thumb/v6-m/libcr_eabihelpers.a(division_idiv0.o)
                0x00000000000030a8                __aeabi_idiv0
 .text.__aeabi_memcpy
                0x00000000000030aa       0x2c /usr/local/mcuxpressoide-10.3.0_2200/ide/plugins/com.nxp.mcuxpresso.tools.linux_10.3.0.201811011841/tools/bin/../lib/gcc/arm-none-eabi/7.3.1/thumb/v6-m/libcr_eabihelpers.a(memcpy.o)
                0x00000000000030aa                __aeabi_memcpy
                0x00000000000030aa                __aeabi_memcpy4
                0x00000000000030aa                __aeabi_memcpy8
 .text.__aeabi_memset_lowlevel
                0x00000000000030d6       0x2a /usr/local/mcuxpressoide-10.3.0_2200/ide/plugins/com.nxp.mcuxpresso.tools.linux_10.3.0.201811011841/tools/bin/../lib/gcc/arm-none-eabi/7.3.1/thumb/v6-m/libcr_eabihelpers.a(memcpy.o)
                0x00000000000030d6                __aeabi_lowlevel_memset
 .text.__sys_close
                0x0000000000003100        0xc /usr/local/mcuxpressoide-10.3.0_2200/ide/plugins/com.nxp.mcuxpresso.tools.linux_10.3.0.201811011841/tools/bin/../lib/gcc/arm-none-eabi/7.3.1/../../../../arm-none-eabi/lib/thumb/v6-m/libcr_semihost_nf.a(__sys_close.o)
                0x0000000000003100                __sys_close
 .text.__sys_flen
                0x000000000000310c        0xc /usr/local/mcuxpressoide-10.3.0_2200/ide/plugins/com.nxp.mcuxpresso.tools.linux_10.3.0.201811011841/tools/bin/../lib/gcc/arm-none-eabi/7.3.1/../../../../arm-none-eabi/lib/thumb/v6-m/libcr_semihost_nf.a(__sys_flen.o)
                0x000000000000310c                __sys_flen
 .text.__sys_istty
                0x0000000000003118        0xc /usr/local/mcuxpressoide-10.3.0_2200/ide/plugins/com.nxp.mcuxpresso.tools.linux_10.3.0.201811011841/tools/bin/../lib/gcc/arm-none-eabi/7.3.1/../../../../arm-none-eabi/lib/thumb/v6-m/libcr_semihost_nf.a(__sys_istty.o)
                0x0000000000003118                __sys_istty
 .text.__sys_remove
                0x0000000000003124        0xc /usr/local/mcuxpressoide-10.3.0_2200/ide/plugins/com.nxp.mcuxpresso.tools.linux_10.3.0.201811011841/tools/bin/../lib/gcc/arm-none-eabi/7.3.1/../../../../arm-none-eabi/lib/thumb/v6-m/libcr_semihost_nf.a(__sys_remove.o)
                0x0000000000003124                __sys_remove
 .text.__sys_seek
                0x0000000000003130        0xc /usr/local/mcuxpressoide-10.3.0_2200/ide/plugins/com.nxp.mcuxpresso.tools.linux_10.3.0.201811011841/tools/bin/../lib/gcc/arm-none-eabi/7.3.1/../../../../arm-none-eabi/lib/thumb/v6-m/libcr_semihost_nf.a(__sys_seek.o)
                0x0000000000003130                __sys_seek
 .text.__sys_tmpnam
                0x000000000000313c        0xc /usr/local/mcuxpressoide-10.3.0_2200/ide/plugins/com.nxp.mcuxpresso.tools.linux_10.3.0.201811011841/tools/bin/../lib/gcc/arm-none-eabi/7.3.1/../../../../arm-none-eabi/lib/thumb/v6-m/libcr_semihost_nf.a(__sys_tmpnam.o)
                0x000000000000313c                __sys_tmpnam
 .text.__sys_write
                0x0000000000003148        0xc /usr/local/mcuxpressoide-10.3.0_2200/ide/plugins/com.nxp.mcuxpresso.tools.linux_10.3.0.201811011841/tools/bin/../lib/gcc/arm-none-eabi/7.3.1/../../../../arm-none-eabi/lib/thumb/v6-m/libcr_semihost_nf.a(__sys_write.o)
                0x0000000000003148                __sys_write
 *(SORT_BY_ALIGNMENT(.rodata) SORT_BY_ALIGNMENT(.rodata.*) SORT_BY_ALIGNMENT(.constdata) SORT_BY_ALIGNMENT(.constdata.*))
 .rodata        0x0000000000003154       0x9f ./source/LPC824_Project.o
 *fill*         0x00000000000031f3        0x1 ff
 .rodata        0x00000000000031f4       0xd1 ./drivers/fsl_clock.o
 *fill*         0x00000000000032c5        0x3 ff
 .rodata.CLOCK_GetFreq
                0x00000000000032c8       0x20 ./drivers/fsl_clock.o
 .rodata        0x00000000000032e8      0x86a ./drivers/fsl_dma.o
 *fill*         0x0000000000003b52        0x2 ff
 .rodata        0x0000000000003b54       0x55 ./drivers/fsl_reset.o
 *fill*         0x0000000000003ba9        0x3 ff
 .rodata        0x0000000000003bac      0x502 ./drivers/fsl_spi.o
 *fill*         0x00000000000040ae        0x2 ff
 .rodata.s_spiClock
                0x00000000000040b0        0x2 ./drivers/fsl_spi.o
 *fill*         0x00000000000040b2        0x2 ff
 .rodata.s_spiReset
                0x00000000000040b4        0x2 ./drivers/fsl_spi.o
 *fill*         0x00000000000040b6        0x2 ff
 .rodata.s_spiBaseAddrs
                0x00000000000040b8        0x8 ./drivers/fsl_spi.o
 .rodata        0x00000000000040c0       0xd0 ./drivers/fsl_swm.o
 .rodata.s_usartIRQ
                0x0000000000004190        0x3 ./drivers/fsl_usart.o
 *fill*         0x0000000000004193        0x1 ff
 .rodata.s_usartBaseAddrs
                0x0000000000004194        0xc ./drivers/fsl_usart.o
 .rodata.s_usartClock
                0x00000000000041a0        0x3 ./drivers/fsl_usart.o
 *fill*         0x00000000000041a3        0x1 ff
 .rodata.s_usartRest
                0x00000000000041a4        0x3 ./drivers/fsl_usart.o
 *fill*         0x00000000000041a7        0x1 ff
 .rodata        0x00000000000041a8      0x610 ./drivers/fsl_usart.o
 .rodata        0x00000000000047b8       0x29 ./board/clock_config.o
 *fill*         0x00000000000047e1        0x3 ff
 .rodata.__num_Ciob_streams
                0x00000000000047e4        0x4 /usr/local/mcuxpressoide-10.3.0_2200/ide/plugins/com.nxp.mcuxpresso.tools.linux_10.3.0.201811011841/tools/bin/../lib/gcc/arm-none-eabi/7.3.1/../../../../arm-none-eabi/lib/thumb/v6-m/libcr_semihost_nf.a(__ciob.o)
                0x00000000000047e4                __num_Ciob_streams
 .rodata.__assertion_failed.str1.1
                0x00000000000047e8       0x15 /usr/local/mcuxpressoide-10.3.0_2200/ide/plugins/com.nxp.mcuxpresso.tools.linux_10.3.0.201811011841/tools/bin/../lib/gcc/arm-none-eabi/7.3.1/../../../../arm-none-eabi/lib/thumb/v6-m/libcr_semihost_nf.a(_cr_assert.o)
 .rodata._Csys_alloc.str1.1
                0x00000000000047fd       0x18 /usr/local/mcuxpressoide-10.3.0_2200/ide/plugins/com.nxp.mcuxpresso.tools.linux_10.3.0.201811011841/tools/bin/../lib/gcc/arm-none-eabi/7.3.1/../../../../arm-none-eabi/lib/thumb/v6-m/libcr_c.a(alloc.o)
 .rodata._initio.str1.1
                0x0000000000004815        0x4 /usr/local/mcuxpressoide-10.3.0_2200/ide/plugins/com.nxp.mcuxpresso.tools.linux_10.3.0.201811011841/tools/bin/../lib/gcc/arm-none-eabi/7.3.1/../../../../arm-none-eabi/lib/thumb/v6-m/libcr_c.a(initio.o)
                0x000000000000481c                . = ALIGN (0x4)
 *fill*         0x0000000000004819        0x3 ff

.glue_7         0x000000000000481c        0x0
 .glue_7        0x000000000000481c        0x0 linker stubs

.glue_7t        0x000000000000481c        0x0
 .glue_7t       0x000000000000481c        0x0 linker stubs

.vfp11_veneer   0x000000000000481c        0x0
 .vfp11_veneer  0x000000000000481c        0x0 linker stubs

.v4_bx          0x000000000000481c        0x0
 .v4_bx         0x000000000000481c        0x0 linker stubs

.iplt           0x000000000000481c        0x0
 .iplt          0x000000000000481c        0x0 ./startup/startup_lpc824.o

.rel.dyn        0x000000000000481c        0x0
 .rel.iplt      0x000000000000481c        0x0 ./startup/startup_lpc824.o

.ARM.extab
 *(SORT_BY_ALIGNMENT(.ARM.extab*) SORT_BY_ALIGNMENT(.gnu.linkonce.armextab.*))
                0x000000000000481c                __exidx_start = .

.ARM.exidx
 *(SORT_BY_ALIGNMENT(.ARM.exidx*) SORT_BY_ALIGNMENT(.gnu.linkonce.armexidx.*))
                0x000000000000481c                __exidx_end = .
                0x000000000000481c                _etext = .

.mtb_buffer_default
                0x0000000010000000       0x80
 *(SORT_BY_ALIGNMENT(.mtb*))
 .mtb.$RAM1     0x0000000010000000       0x80 ./source/mtb.o
                0x0000000010000000                __mtb_buffer__

.uninit_RESERVED
                0x0000000010000080        0x0
 *(SORT_BY_ALIGNMENT(.bss.$RESERVED*))
                0x0000000010000080                . = ALIGN (0x4)
                0x0000000010000080                _end_uninit_RESERVED = .

.data           0x0000000010000080        0x4 load address 0x000000000000481c
 FILL mask 0xff
                0x0000000010000080                _data = .
 *(SORT_BY_ALIGNMENT(vtable))
 *(SORT_BY_ALIGNMENT(.ramfunc*))
 *(SORT_BY_ALIGNMENT(.data*))
 .data.SystemCoreClock
                0x0000000010000080        0x4 ./device/system_LPC824.o
                0x0000000010000080                SystemCoreClock
                0x0000000010000084                . = ALIGN (0x4)
                0x0000000010000084                _edata = .

.igot.plt       0x0000000010000084        0x0 load address 0x0000000000004820
 .igot.plt      0x0000000010000084        0x0 ./startup/startup_lpc824.o

.bss            0x0000000010000200      0x388 load address 0x0000000000004820
                0x0000000010000200                _bss = .
 *(SORT_BY_ALIGNMENT(.bss*))
 .bss.s_dma_descriptor_table
                0x0000000010000200      0x190 ./drivers/fsl_dma.o
 .bss.txDescriptor
                0x0000000010000390       0x10 ./source/LPC824_Project.o
                0x0000000010000390                txDescriptor
 .bss.g_usartHandle
                0x00000000100003a0       0x30 ./source/LPC824_Project.o
                0x00000000100003a0                g_usartHandle
 .bss.Uart_TxBuffer
                0x00000000100003d0        0xa ./source/LPC824_Project.o
                0x00000000100003d0                Uart_TxBuffer
 *fill*         0x00000000100003da        0x2 
 .bss.Uart_RxBuffer
                0x00000000100003dc        0xa ./source/LPC824_Project.o
                0x00000000100003dc                Uart_RxBuffer
 *fill*         0x00000000100003e6        0x2 
 .bss.sendXfer  0x00000000100003e8        0x8 ./source/LPC824_Project.o
                0x00000000100003e8                sendXfer
 .bss.receiveXfer
                0x00000000100003f0        0x8 ./source/LPC824_Project.o
                0x00000000100003f0                receiveXfer
 .bss.masterTxHandle
                0x00000000100003f8       0x10 ./source/LPC824_Project.o
                0x00000000100003f8                masterTxHandle
 .bss.masterRxHandle
                0x0000000010000408       0x10 ./source/LPC824_Project.o
                0x0000000010000408                masterRxHandle
 .bss.MotorUpdate
                0x0000000010000418        0xa ./source/LPC824_Project.o
 *fill*         0x0000000010000422        0x2 
 .bss.MotorData
                0x0000000010000424        0xa ./source/LPC824_Project.o
 *fill*         0x000000001000042e        0x2 
 .bss.g_Ext_Clk_Freq
                0x0000000010000430        0x4 ./drivers/fsl_clock.o
                0x0000000010000430                g_Ext_Clk_Freq
 .bss.g_Wdt_Osc_Freq
                0x0000000010000434        0x4 ./drivers/fsl_clock.o
                0x0000000010000434                g_Wdt_Osc_Freq
 .bss.s_Sys_Pll_Freq
                0x0000000010000438        0x4 ./drivers/fsl_clock.o
 .bss.s_DMAHandle
                0x000000001000043c       0x64 ./drivers/fsl_dma.o
 .bss.s_spiHandle
                0x00000000100004a0        0x8 ./drivers/fsl_spi.o
 .bss.s_spiMasterIsr
                0x00000000100004a8        0x4 ./drivers/fsl_spi.o
 .bss.s_spiSlaveIsr
                0x00000000100004ac        0x4 ./drivers/fsl_spi.o
 .bss.s_dummyData
                0x00000000100004b0        0x4 ./drivers/fsl_spi.o
                0x00000000100004b0                s_dummyData
 .bss.s_usartHandle
                0x00000000100004b4        0xc ./drivers/fsl_usart.o
 .bss.s_usartIsr
                0x00000000100004c0        0x4 ./drivers/fsl_usart.o
 .bss.__Ciob    0x00000000100004c4       0xb4 /usr/local/mcuxpressoide-10.3.0_2200/ide/plugins/com.nxp.mcuxpresso.tools.linux_10.3.0.201811011841/tools/bin/../lib/gcc/arm-none-eabi/7.3.1/../../../../arm-none-eabi/lib/thumb/v6-m/libcr_semihost_nf.a(__ciob.o)
                0x00000000100004c4                __Ciob
 .bss.__end_of_heap
                0x0000000010000578        0x4 /usr/local/mcuxpressoide-10.3.0_2200/ide/plugins/com.nxp.mcuxpresso.tools.linux_10.3.0.201811011841/tools/bin/../lib/gcc/arm-none-eabi/7.3.1/../../../../arm-none-eabi/lib/thumb/v6-m/libcr_c.a(__init_alloc.o)
                0x0000000010000578                __end_of_heap
 .bss.__heaps   0x000000001000057c        0x4 /usr/local/mcuxpressoide-10.3.0_2200/ide/plugins/com.nxp.mcuxpresso.tools.linux_10.3.0.201811011841/tools/bin/../lib/gcc/arm-none-eabi/7.3.1/../../../../arm-none-eabi/lib/thumb/v6-m/libcr_c.a(__init_alloc.o)
                0x000000001000057c                __heaps
 .bss.errno     0x0000000010000580        0x4 /usr/local/mcuxpressoide-10.3.0_2200/ide/plugins/com.nxp.mcuxpresso.tools.linux_10.3.0.201811011841/tools/bin/../lib/gcc/arm-none-eabi/7.3.1/../../../../arm-none-eabi/lib/thumb/v6-m/libcr_c.a(errno.o)
                0x0000000010000580                errno
 .bss.devID     0x0000000010000584        0x2 ./source/LPC824_Project.o
                0x0000000010000584                devID
 .bss.masterTxFinished
                0x0000000010000586        0x1 ./source/LPC824_Project.o
 .bss.masterRxFinished
                0x0000000010000587        0x1 ./source/LPC824_Project.o
 *(SORT_BY_ALIGNMENT(COMMON))
                0x0000000010000588                . = ALIGN (0x4)
                0x0000000010000588                _ebss = .
                [!provide]                        PROVIDE (end = .)

.noinit         0x0000000010000588        0x0 load address 0x0000000000004820
                0x0000000010000588                _noinit = .
 *(SORT_BY_ALIGNMENT(.noinit*))
                0x0000000010000588                . = ALIGN (0x4)
                0x0000000010000588                _end_noinit = .
                0x0000000000000200                _HeapSize = 0x200

.heap           0x0000000010000588      0x200 load address 0x0000000000004820
                0x0000000010000588                _pvHeapStart = .
                0x0000000010000788                . = (. + _HeapSize)
 *fill*         0x0000000010000588      0x200 
                0x0000000010000788                . = ALIGN (0x4)
                0x0000000010000788                _pvHeapLimit = .
                0x0000000000000200                _StackSize = 0x200

.heap2stackfill
                0x0000000010000788      0x200 load address 0x0000000000004820
                0x0000000010000988                . = (. + _StackSize)
 *fill*         0x0000000010000788      0x200 

.stack          0x0000000010001e00        0x0
                0x0000000010001e00                _vStackBase = .
                0x0000000010001e00                . = ALIGN (0x4)
                0x0000000010002000                _vStackTop = (. + _StackSize)
                0xffffffffefffd6f5                PROVIDE (__valid_user_code_checksum = (0x0 - (((_vStackTop + (ResetISR + 0x1)) + (DEFINED (NMI_Handler)?NMI_Handler:M0_NMI_Handler + 0x1)) + (DEFINED (HardFault_Handler)?HardFault_Handler:M0_HardFault_Handler + 0x1))))
                0x0000000000000000                _image_start = LOADADDR (.text)
                0x0000000000004820                _image_end = (LOADADDR (.data) + SIZEOF (.data))
                0x0000000000004820                _image_size = (_image_end - _image_start)
OUTPUT(RS485SPI.axf elf32-littlearm)

.debug_info     0x0000000000000000     0x9884
 .debug_info    0x0000000000000000      0x458 ./startup/startup_lpc824.o
 .debug_info    0x0000000000000458     0x19d0 ./source/LPC824_Project.o
 .debug_info    0x0000000000001e28       0x52 ./source/mtb.o
 .debug_info    0x0000000000001e7a       0x3b ./source/semihost_hardfault.o
 .debug_info    0x0000000000001eb5      0xda5 ./drivers/fsl_clock.o
 .debug_info    0x0000000000002c5a     0x1697 ./drivers/fsl_dma.o
 .debug_info    0x00000000000042f1      0x5c0 ./drivers/fsl_reset.o
 .debug_info    0x00000000000048b1     0x1958 ./drivers/fsl_spi.o
 .debug_info    0x0000000000006209      0x5a1 ./drivers/fsl_swm.o
 .debug_info    0x00000000000067aa     0x1765 ./drivers/fsl_usart.o
 .debug_info    0x0000000000007f0f      0x5ff ./device/system_LPC824.o
 .debug_info    0x000000000000850e      0x6a6 ./board/clock_config.o
 .debug_info    0x0000000000008bb4       0x3b ./board/peripherals.o
 .debug_info    0x0000000000008bef      0xc95 ./board/pin_mux.o

.debug_abbrev   0x0000000000000000     0x18f7
 .debug_abbrev  0x0000000000000000      0x16d ./startup/startup_lpc824.o
 .debug_abbrev  0x000000000000016d      0x29d ./source/LPC824_Project.o
 .debug_abbrev  0x000000000000040a       0x44 ./source/mtb.o
 .debug_abbrev  0x000000000000044e       0x2f ./source/semihost_hardfault.o
 .debug_abbrev  0x000000000000047d      0x2f8 ./drivers/fsl_clock.o
 .debug_abbrev  0x0000000000000775      0x309 ./drivers/fsl_dma.o
 .debug_abbrev  0x0000000000000a7e      0x154 ./drivers/fsl_reset.o
 .debug_abbrev  0x0000000000000bd2      0x2f5 ./drivers/fsl_spi.o
 .debug_abbrev  0x0000000000000ec7      0x189 ./drivers/fsl_swm.o
 .debug_abbrev  0x0000000000001050      0x2d2 ./drivers/fsl_usart.o
 .debug_abbrev  0x0000000000001322      0x17d ./device/system_LPC824.o
 .debug_abbrev  0x000000000000149f      0x1e5 ./board/clock_config.o
 .debug_abbrev  0x0000000000001684       0x2f ./board/peripherals.o
 .debug_abbrev  0x00000000000016b3      0x244 ./board/pin_mux.o

.debug_aranges  0x0000000000000000      0x778
 .debug_aranges
                0x0000000000000000      0x160 ./startup/startup_lpc824.o
 .debug_aranges
                0x0000000000000160       0x88 ./source/LPC824_Project.o
 .debug_aranges
                0x00000000000001e8       0x18 ./source/mtb.o
 .debug_aranges
                0x0000000000000200       0x20 ./source/semihost_hardfault.o
 .debug_aranges
                0x0000000000000220       0xc0 ./drivers/fsl_clock.o
 .debug_aranges
                0x00000000000002e0       0xf0 ./drivers/fsl_dma.o
 .debug_aranges
                0x00000000000003d0       0x30 ./drivers/fsl_reset.o
 .debug_aranges
                0x0000000000000400      0x138 ./drivers/fsl_spi.o
 .debug_aranges
                0x0000000000000538       0x28 ./drivers/fsl_swm.o
 .debug_aranges
                0x0000000000000560      0x110 ./drivers/fsl_usart.o
 .debug_aranges
                0x0000000000000670       0x40 ./device/system_LPC824.o
 .debug_aranges
                0x00000000000006b0       0x48 ./board/clock_config.o
 .debug_aranges
                0x00000000000006f8       0x20 ./board/peripherals.o
 .debug_aranges
                0x0000000000000718       0x60 ./board/pin_mux.o

.debug_ranges   0x0000000000000000      0x690
 .debug_ranges  0x0000000000000000      0x150 ./startup/startup_lpc824.o
 .debug_ranges  0x0000000000000150       0x78 ./source/LPC824_Project.o
 .debug_ranges  0x00000000000001c8       0x10 ./source/semihost_hardfault.o
 .debug_ranges  0x00000000000001d8       0xb0 ./drivers/fsl_clock.o
 .debug_ranges  0x0000000000000288       0xe0 ./drivers/fsl_dma.o
 .debug_ranges  0x0000000000000368       0x20 ./drivers/fsl_reset.o
 .debug_ranges  0x0000000000000388      0x128 ./drivers/fsl_spi.o
 .debug_ranges  0x00000000000004b0       0x18 ./drivers/fsl_swm.o
 .debug_ranges  0x00000000000004c8      0x100 ./drivers/fsl_usart.o
 .debug_ranges  0x00000000000005c8       0x30 ./device/system_LPC824.o
 .debug_ranges  0x00000000000005f8       0x38 ./board/clock_config.o
 .debug_ranges  0x0000000000000630       0x10 ./board/peripherals.o
 .debug_ranges  0x0000000000000640       0x50 ./board/pin_mux.o

.debug_macro    0x0000000000000000     0x13b4
 .debug_macro   0x0000000000000000       0x32 ./startup/startup_lpc824.o
 .debug_macro   0x0000000000000032       0x34 ./startup/startup_lpc824.o
 .debug_macro   0x0000000000000066      0x1d6 ./source/LPC824_Project.o
 .debug_macro   0x000000000000023c       0xd8 ./source/LPC824_Project.o
 .debug_macro   0x0000000000000314       0x22 ./source/LPC824_Project.o
 .debug_macro   0x0000000000000336       0x1c ./source/LPC824_Project.o
 .debug_macro   0x0000000000000352       0xf4 ./source/LPC824_Project.o
 .debug_macro   0x0000000000000446       0x46 ./source/LPC824_Project.o
 .debug_macro   0x000000000000048c       0x1c ./source/LPC824_Project.o
 .debug_macro   0x00000000000004a8       0x4c ./source/LPC824_Project.o
 .debug_macro   0x00000000000004f4       0x1c ./source/LPC824_Project.o
 .debug_macro   0x0000000000000510      0x2bd ./source/LPC824_Project.o
 .debug_macro   0x00000000000007cd       0x2f ./source/mtb.o
 .debug_macro   0x00000000000007fc       0x82 ./source/mtb.o
 .debug_macro   0x000000000000087e       0x10 ./source/mtb.o
 .debug_macro   0x000000000000088e       0x11 ./source/semihost_hardfault.o
 .debug_macro   0x000000000000089f      0x13a ./drivers/fsl_clock.o
 .debug_macro   0x00000000000009d9       0x1c ./drivers/fsl_clock.o
 .debug_macro   0x00000000000009f5      0x125 ./drivers/fsl_dma.o
 .debug_macro   0x0000000000000b1a       0x46 ./drivers/fsl_dma.o
 .debug_macro   0x0000000000000b60      0x116 ./drivers/fsl_reset.o
 .debug_macro   0x0000000000000c76      0x125 ./drivers/fsl_spi.o
 .debug_macro   0x0000000000000d9b       0x16 ./drivers/fsl_spi.o
 .debug_macro   0x0000000000000db1      0x130 ./drivers/fsl_swm.o
 .debug_macro   0x0000000000000ee1      0x125 ./drivers/fsl_usart.o
 .debug_macro   0x0000000000001006       0x16 ./drivers/fsl_usart.o
 .debug_macro   0x000000000000101c       0x97 ./device/system_LPC824.o
 .debug_macro   0x00000000000010b3      0x136 ./board/clock_config.o
 .debug_macro   0x00000000000011e9       0x1b ./board/peripherals.o
 .debug_macro   0x0000000000001204      0x146 ./board/pin_mux.o
 .debug_macro   0x000000000000134a       0x6a ./board/pin_mux.o

.debug_line     0x0000000000000000     0x32b4
 .debug_line    0x0000000000000000      0x1af ./startup/startup_lpc824.o
 .debug_line    0x00000000000001af      0x4a9 ./source/LPC824_Project.o
 .debug_line    0x0000000000000658       0xd5 ./source/mtb.o
 .debug_line    0x000000000000072d       0x54 ./source/semihost_hardfault.o
 .debug_line    0x0000000000000781      0x516 ./drivers/fsl_clock.o
 .debug_line    0x0000000000000c97      0x771 ./drivers/fsl_dma.o
 .debug_line    0x0000000000001408      0x2c1 ./drivers/fsl_reset.o
 .debug_line    0x00000000000016c9      0x78a ./drivers/fsl_spi.o
 .debug_line    0x0000000000001e53      0x2f5 ./drivers/fsl_swm.o
 .debug_line    0x0000000000002148      0x793 ./drivers/fsl_usart.o
 .debug_line    0x00000000000028db      0x2a6 ./device/system_LPC824.o
 .debug_line    0x0000000000002b81      0x333 ./board/clock_config.o
 .debug_line    0x0000000000002eb4       0x58 ./board/peripherals.o
 .debug_line    0x0000000000002f0c      0x3a8 ./board/pin_mux.o

.debug_str      0x0000000000000000    0x33421
 .debug_str     0x0000000000000000     0x31c3 ./startup/startup_lpc824.o
                                       0x31fc (size before relaxing)
 .debug_str     0x00000000000031c3    0x2cd3d ./source/LPC824_Project.o
                                      0x2fb53 (size before relaxing)
 .debug_str     0x000000000002ff00      0x532 ./source/mtb.o
                                       0x3224 (size before relaxing)
 .debug_str     0x0000000000030432       0x1f ./source/semihost_hardfault.o
                                       0x2d11 (size before relaxing)
 .debug_str     0x0000000000030451      0x6f0 ./drivers/fsl_clock.o
                                      0x2ce71 (size before relaxing)
 .debug_str     0x0000000000030b41      0x861 ./drivers/fsl_dma.o
                                      0x2d6dc (size before relaxing)
 .debug_str     0x00000000000313a2      0x259 ./drivers/fsl_reset.o
                                      0x2c200 (size before relaxing)
 .debug_str     0x00000000000315fb      0x712 ./drivers/fsl_spi.o
                                      0x2d885 (size before relaxing)
 .debug_str     0x0000000000031d0d      0x7b0 ./drivers/fsl_swm.o
                                      0x2c5dd (size before relaxing)
 .debug_str     0x00000000000324bd      0x6f4 ./drivers/fsl_usart.o
                                      0x2d999 (size before relaxing)
 .debug_str     0x0000000000032bb1       0xcd ./device/system_LPC824.o
                                      0x2af9f (size before relaxing)
 .debug_str     0x0000000000032c7e      0x2d7 ./board/clock_config.o
                                      0x2c418 (size before relaxing)
 .debug_str     0x0000000000032f55       0x31 ./board/peripherals.o
                                       0x2d22 (size before relaxing)
 .debug_str     0x0000000000032f86      0x49b ./board/pin_mux.o
                                      0x2dda5 (size before relaxing)

.comment        0x0000000000000000       0x7f
 .comment       0x0000000000000000       0x7f ./startup/startup_lpc824.o
                                         0x80 (size before relaxing)
 .comment       0x000000000000007f       0x80 ./source/LPC824_Project.o
 .comment       0x000000000000007f       0x80 ./source/mtb.o
 .comment       0x000000000000007f       0x80 ./source/semihost_hardfault.o
 .comment       0x000000000000007f       0x80 ./drivers/fsl_clock.o
 .comment       0x000000000000007f       0x80 ./drivers/fsl_dma.o
 .comment       0x000000000000007f       0x80 ./drivers/fsl_reset.o
 .comment       0x000000000000007f       0x80 ./drivers/fsl_spi.o
 .comment       0x000000000000007f       0x80 ./drivers/fsl_swm.o
 .comment       0x000000000000007f       0x80 ./drivers/fsl_usart.o
 .comment       0x000000000000007f       0x80 ./device/system_LPC824.o
 .comment       0x000000000000007f       0x80 ./board/clock_config.o
 .comment       0x000000000000007f       0x80 ./board/peripherals.o
 .comment       0x000000000000007f       0x80 ./board/pin_mux.o
 .comment       0x000000000000007f       0x80 /usr/local/mcuxpressoide-10.3.0_2200/ide/plugins/com.nxp.mcuxpresso.tools.linux_10.3.0.201811011841/tools/bin/../lib/gcc/arm-none-eabi/7.3.1/../../../../arm-none-eabi/lib/thumb/v6-m/libcr_semihost_nf.a(_cr__main.o)
 .comment       0x000000000000007f       0x80 /usr/local/mcuxpressoide-10.3.0_2200/ide/plugins/com.nxp.mcuxpresso.tools.linux_10.3.0.201811011841/tools/bin/../lib/gcc/arm-none-eabi/7.3.1/../../../../arm-none-eabi/lib/thumb/v6-m/libcr_semihost_nf.a(_cr_assert.o)
 .comment       0x000000000000007f       0x80 /usr/local/mcuxpressoide-10.3.0_2200/ide/plugins/com.nxp.mcuxpresso.tools.linux_10.3.0.201811011841/tools/bin/../lib/gcc/arm-none-eabi/7.3.1/../../../../arm-none-eabi/lib/thumb/v6-m/libcr_semihost_nf.a(__ciob.o)
 .comment       0x000000000000007f       0x80 /usr/local/mcuxpressoide-10.3.0_2200/ide/plugins/com.nxp.mcuxpresso.tools.linux_10.3.0.201811011841/tools/bin/../lib/gcc/arm-none-eabi/7.3.1/../../../../arm-none-eabi/lib/thumb/v6-m/libcr_c.a(memcpy.o)
 .comment       0x000000000000007f       0x80 /usr/local/mcuxpressoide-10.3.0_2200/ide/plugins/com.nxp.mcuxpresso.tools.linux_10.3.0.201811011841/tools/bin/../lib/gcc/arm-none-eabi/7.3.1/../../../../arm-none-eabi/lib/thumb/v6-m/libcr_c.a(memset.o)
 .comment       0x000000000000007f       0x80 /usr/local/mcuxpressoide-10.3.0_2200/ide/plugins/com.nxp.mcuxpresso.tools.linux_10.3.0.201811011841/tools/bin/../lib/gcc/arm-none-eabi/7.3.1/../../../../arm-none-eabi/lib/thumb/v6-m/libcr_c.a(_deferredlazyseek.o)
 .comment       0x000000000000007f       0x80 /usr/local/mcuxpressoide-10.3.0_2200/ide/plugins/com.nxp.mcuxpresso.tools.linux_10.3.0.201811011841/tools/bin/../lib/gcc/arm-none-eabi/7.3.1/../../../../arm-none-eabi/lib/thumb/v6-m/libcr_c.a(_fflush.o)
 .comment       0x000000000000007f       0x80 /usr/local/mcuxpressoide-10.3.0_2200/ide/plugins/com.nxp.mcuxpresso.tools.linux_10.3.0.201811011841/tools/bin/../lib/gcc/arm-none-eabi/7.3.1/../../../../arm-none-eabi/lib/thumb/v6-m/libcr_c.a(_writebuf.o)
 .comment       0x000000000000007f       0x80 /usr/local/mcuxpressoide-10.3.0_2200/ide/plugins/com.nxp.mcuxpresso.tools.linux_10.3.0.201811011841/tools/bin/../lib/gcc/arm-none-eabi/7.3.1/../../../../arm-none-eabi/lib/thumb/v6-m/libcr_c.a(alloc.o)
 .comment       0x000000000000007f       0x80 /usr/local/mcuxpressoide-10.3.0_2200/ide/plugins/com.nxp.mcuxpresso.tools.linux_10.3.0.201811011841/tools/bin/../lib/gcc/arm-none-eabi/7.3.1/../../../../arm-none-eabi/lib/thumb/v6-m/libcr_c.a(fputs.o)
 .comment       0x000000000000007f       0x80 /usr/local/mcuxpressoide-10.3.0_2200/ide/plugins/com.nxp.mcuxpresso.tools.linux_10.3.0.201811011841/tools/bin/../lib/gcc/arm-none-eabi/7.3.1/../../../../arm-none-eabi/lib/thumb/v6-m/libcr_c.a(fseek.o)
 .comment       0x000000000000007f       0x80 /usr/local/mcuxpressoide-10.3.0_2200/ide/plugins/com.nxp.mcuxpresso.tools.linux_10.3.0.201811011841/tools/bin/../lib/gcc/arm-none-eabi/7.3.1/../../../../arm-none-eabi/lib/thumb/v6-m/libcr_c.a(ftell.o)
 .comment       0x000000000000007f       0x80 /usr/local/mcuxpressoide-10.3.0_2200/ide/plugins/com.nxp.mcuxpresso.tools.linux_10.3.0.201811011841/tools/bin/../lib/gcc/arm-none-eabi/7.3.1/../../../../arm-none-eabi/lib/thumb/v6-m/libcr_c.a(initio.o)
 .comment       0x000000000000007f       0x80 /usr/local/mcuxpressoide-10.3.0_2200/ide/plugins/com.nxp.mcuxpresso.tools.linux_10.3.0.201811011841/tools/bin/../lib/gcc/arm-none-eabi/7.3.1/../../../../arm-none-eabi/lib/thumb/v6-m/libcr_c.a(setvbuf.o)
 .comment       0x000000000000007f       0x80 /usr/local/mcuxpressoide-10.3.0_2200/ide/plugins/com.nxp.mcuxpresso.tools.linux_10.3.0.201811011841/tools/bin/../lib/gcc/arm-none-eabi/7.3.1/../../../../arm-none-eabi/lib/thumb/v6-m/libcr_c.a(__init_alloc.o)
 .comment       0x000000000000007f       0x80 /usr/local/mcuxpressoide-10.3.0_2200/ide/plugins/com.nxp.mcuxpresso.tools.linux_10.3.0.201811011841/tools/bin/../lib/gcc/arm-none-eabi/7.3.1/../../../../arm-none-eabi/lib/thumb/v6-m/libcr_c.a(_cr_sbrk.o)
 .comment       0x000000000000007f       0x80 /usr/local/mcuxpressoide-10.3.0_2200/ide/plugins/com.nxp.mcuxpresso.tools.linux_10.3.0.201811011841/tools/bin/../lib/gcc/arm-none-eabi/7.3.1/../../../../arm-none-eabi/lib/thumb/v6-m/libcr_c.a(_fdopen.o)
 .comment       0x000000000000007f       0x80 /usr/local/mcuxpressoide-10.3.0_2200/ide/plugins/com.nxp.mcuxpresso.tools.linux_10.3.0.201811011841/tools/bin/../lib/gcc/arm-none-eabi/7.3.1/../../../../arm-none-eabi/lib/thumb/v6-m/libcr_c.a(errno.o)
 .comment       0x000000000000007f       0x80 /usr/local/mcuxpressoide-10.3.0_2200/ide/plugins/com.nxp.mcuxpresso.tools.linux_10.3.0.201811011841/tools/bin/../lib/gcc/arm-none-eabi/7.3.1/../../../../arm-none-eabi/lib/thumb/v6-m/libcr_c.a(fclose.o)
 .comment       0x000000000000007f       0x80 /usr/local/mcuxpressoide-10.3.0_2200/ide/plugins/com.nxp.mcuxpresso.tools.linux_10.3.0.201811011841/tools/bin/../lib/gcc/arm-none-eabi/7.3.1/../../../../arm-none-eabi/lib/thumb/v6-m/libcr_c.a(fflush.o)
 .comment       0x000000000000007f       0x80 /usr/local/mcuxpressoide-10.3.0_2200/ide/plugins/com.nxp.mcuxpresso.tools.linux_10.3.0.201811011841/tools/bin/../lib/gcc/arm-none-eabi/7.3.1/../../../../arm-none-eabi/lib/thumb/v6-m/libcr_c.a(remove.o)
 .comment       0x000000000000007f       0x80 /usr/local/mcuxpressoide-10.3.0_2200/ide/plugins/com.nxp.mcuxpresso.tools.linux_10.3.0.201811011841/tools/bin/../lib/gcc/arm-none-eabi/7.3.1/../../../../arm-none-eabi/lib/thumb/v6-m/libcr_c.a(strlen.o)
 .comment       0x000000000000007f       0x80 /usr/local/mcuxpressoide-10.3.0_2200/ide/plugins/com.nxp.mcuxpresso.tools.linux_10.3.0.201811011841/tools/bin/../lib/gcc/arm-none-eabi/7.3.1/../../../../arm-none-eabi/lib/thumb/v6-m/libcr_c.a(_cr_check_heap.o)
 .comment       0x000000000000007f       0x80 /usr/local/mcuxpressoide-10.3.0_2200/ide/plugins/com.nxp.mcuxpresso.tools.linux_10.3.0.201811011841/tools/bin/../lib/gcc/arm-none-eabi/7.3.1/../../../../arm-none-eabi/lib/thumb/v6-m/libcr_c.a(_do_fflush.o)

.ARM.attributes
                0x0000000000000000       0x30
 .ARM.attributes
                0x0000000000000000       0x32 ./startup/startup_lpc824.o
 .ARM.attributes
                0x0000000000000032       0x32 ./source/LPC824_Project.o
 .ARM.attributes
                0x0000000000000064       0x32 ./source/mtb.o
 .ARM.attributes
                0x0000000000000096       0x32 ./source/semihost_hardfault.o
 .ARM.attributes
                0x00000000000000c8       0x32 ./drivers/fsl_clock.o
 .ARM.attributes
                0x00000000000000fa       0x32 ./drivers/fsl_dma.o
 .ARM.attributes
                0x000000000000012c       0x32 ./drivers/fsl_reset.o
 .ARM.attributes
                0x000000000000015e       0x32 ./drivers/fsl_spi.o
 .ARM.attributes
                0x0000000000000190       0x32 ./drivers/fsl_swm.o
 .ARM.attributes
                0x00000000000001c2       0x32 ./drivers/fsl_usart.o
 .ARM.attributes
                0x00000000000001f4       0x32 ./device/system_LPC824.o
 .ARM.attributes
                0x0000000000000226       0x32 ./board/clock_config.o
 .ARM.attributes
                0x0000000000000258       0x32 ./board/peripherals.o
 .ARM.attributes
                0x000000000000028a       0x32 ./board/pin_mux.o
 .ARM.attributes
                0x00000000000002bc       0x31 /usr/local/mcuxpressoide-10.3.0_2200/ide/plugins/com.nxp.mcuxpresso.tools.linux_10.3.0.201811011841/tools/bin/../lib/gcc/arm-none-eabi/7.3.1/../../../../arm-none-eabi/lib/thumb/v6-m/libcr_semihost_nf.a(_cr__main.o)
 .ARM.attributes
                0x00000000000002ed       0x31 /usr/local/mcuxpressoide-10.3.0_2200/ide/plugins/com.nxp.mcuxpresso.tools.linux_10.3.0.201811011841/tools/bin/../lib/gcc/arm-none-eabi/7.3.1/../../../../arm-none-eabi/lib/thumb/v6-m/libcr_semihost_nf.a(_cr_assert.o)
 .ARM.attributes
                0x000000000000031e       0x31 /usr/local/mcuxpressoide-10.3.0_2200/ide/plugins/com.nxp.mcuxpresso.tools.linux_10.3.0.201811011841/tools/bin/../lib/gcc/arm-none-eabi/7.3.1/../../../../arm-none-eabi/lib/thumb/v6-m/libcr_semihost_nf.a(__ciob.o)
 .ARM.attributes
                0x000000000000034f       0x21 /usr/local/mcuxpressoide-10.3.0_2200/ide/plugins/com.nxp.mcuxpresso.tools.linux_10.3.0.201811011841/tools/bin/../lib/gcc/arm-none-eabi/7.3.1/../../../../arm-none-eabi/lib/thumb/v6-m/libcr_semihost_nf.a(__sys_appexit.o)
 .ARM.attributes
                0x0000000000000370       0x31 /usr/local/mcuxpressoide-10.3.0_2200/ide/plugins/com.nxp.mcuxpresso.tools.linux_10.3.0.201811011841/tools/bin/../lib/gcc/arm-none-eabi/7.3.1/../../../../arm-none-eabi/lib/thumb/v6-m/libcr_c.a(memcpy.o)
 .ARM.attributes
                0x00000000000003a1       0x31 /usr/local/mcuxpressoide-10.3.0_2200/ide/plugins/com.nxp.mcuxpresso.tools.linux_10.3.0.201811011841/tools/bin/../lib/gcc/arm-none-eabi/7.3.1/../../../../arm-none-eabi/lib/thumb/v6-m/libcr_c.a(memset.o)
 .ARM.attributes
                0x00000000000003d2       0x31 /usr/local/mcuxpressoide-10.3.0_2200/ide/plugins/com.nxp.mcuxpresso.tools.linux_10.3.0.201811011841/tools/bin/../lib/gcc/arm-none-eabi/7.3.1/../../../../arm-none-eabi/lib/thumb/v6-m/libcr_c.a(_deferredlazyseek.o)
 .ARM.attributes
                0x0000000000000403       0x31 /usr/local/mcuxpressoide-10.3.0_2200/ide/plugins/com.nxp.mcuxpresso.tools.linux_10.3.0.201811011841/tools/bin/../lib/gcc/arm-none-eabi/7.3.1/../../../../arm-none-eabi/lib/thumb/v6-m/libcr_c.a(_fflush.o)
 .ARM.attributes
                0x0000000000000434       0x31 /usr/local/mcuxpressoide-10.3.0_2200/ide/plugins/com.nxp.mcuxpresso.tools.linux_10.3.0.201811011841/tools/bin/../lib/gcc/arm-none-eabi/7.3.1/../../../../arm-none-eabi/lib/thumb/v6-m/libcr_c.a(_writebuf.o)
 .ARM.attributes
                0x0000000000000465       0x31 /usr/local/mcuxpressoide-10.3.0_2200/ide/plugins/com.nxp.mcuxpresso.tools.linux_10.3.0.201811011841/tools/bin/../lib/gcc/arm-none-eabi/7.3.1/../../../../arm-none-eabi/lib/thumb/v6-m/libcr_c.a(alloc.o)
 .ARM.attributes
                0x0000000000000496       0x31 /usr/local/mcuxpressoide-10.3.0_2200/ide/plugins/com.nxp.mcuxpresso.tools.linux_10.3.0.201811011841/tools/bin/../lib/gcc/arm-none-eabi/7.3.1/../../../../arm-none-eabi/lib/thumb/v6-m/libcr_c.a(fputs.o)
 .ARM.attributes
                0x00000000000004c7       0x31 /usr/local/mcuxpressoide-10.3.0_2200/ide/plugins/com.nxp.mcuxpresso.tools.linux_10.3.0.201811011841/tools/bin/../lib/gcc/arm-none-eabi/7.3.1/../../../../arm-none-eabi/lib/thumb/v6-m/libcr_c.a(fseek.o)
 .ARM.attributes
                0x00000000000004f8       0x31 /usr/local/mcuxpressoide-10.3.0_2200/ide/plugins/com.nxp.mcuxpresso.tools.linux_10.3.0.201811011841/tools/bin/../lib/gcc/arm-none-eabi/7.3.1/../../../../arm-none-eabi/lib/thumb/v6-m/libcr_c.a(ftell.o)
 .ARM.attributes
                0x0000000000000529       0x31 /usr/local/mcuxpressoide-10.3.0_2200/ide/plugins/com.nxp.mcuxpresso.tools.linux_10.3.0.201811011841/tools/bin/../lib/gcc/arm-none-eabi/7.3.1/../../../../arm-none-eabi/lib/thumb/v6-m/libcr_c.a(initio.o)
 .ARM.attributes
                0x000000000000055a       0x31 /usr/local/mcuxpressoide-10.3.0_2200/ide/plugins/com.nxp.mcuxpresso.tools.linux_10.3.0.201811011841/tools/bin/../lib/gcc/arm-none-eabi/7.3.1/../../../../arm-none-eabi/lib/thumb/v6-m/libcr_c.a(setvbuf.o)
 .ARM.attributes
                0x000000000000058b       0x31 /usr/local/mcuxpressoide-10.3.0_2200/ide/plugins/com.nxp.mcuxpresso.tools.linux_10.3.0.201811011841/tools/bin/../lib/gcc/arm-none-eabi/7.3.1/../../../../arm-none-eabi/lib/thumb/v6-m/libcr_c.a(__init_alloc.o)
 .ARM.attributes
                0x00000000000005bc       0x31 /usr/local/mcuxpressoide-10.3.0_2200/ide/plugins/com.nxp.mcuxpresso.tools.linux_10.3.0.201811011841/tools/bin/../lib/gcc/arm-none-eabi/7.3.1/../../../../arm-none-eabi/lib/thumb/v6-m/libcr_c.a(_cr_sbrk.o)
 .ARM.attributes
                0x00000000000005ed       0x31 /usr/local/mcuxpressoide-10.3.0_2200/ide/plugins/com.nxp.mcuxpresso.tools.linux_10.3.0.201811011841/tools/bin/../lib/gcc/arm-none-eabi/7.3.1/../../../../arm-none-eabi/lib/thumb/v6-m/libcr_c.a(_fdopen.o)
 .ARM.attributes
                0x000000000000061e       0x31 /usr/local/mcuxpressoide-10.3.0_2200/ide/plugins/com.nxp.mcuxpresso.tools.linux_10.3.0.201811011841/tools/bin/../lib/gcc/arm-none-eabi/7.3.1/../../../../arm-none-eabi/lib/thumb/v6-m/libcr_c.a(errno.o)
 .ARM.attributes
                0x000000000000064f       0x31 /usr/local/mcuxpressoide-10.3.0_2200/ide/plugins/com.nxp.mcuxpresso.tools.linux_10.3.0.201811011841/tools/bin/../lib/gcc/arm-none-eabi/7.3.1/../../../../arm-none-eabi/lib/thumb/v6-m/libcr_c.a(fclose.o)
 .ARM.attributes
                0x0000000000000680       0x31 /usr/local/mcuxpressoide-10.3.0_2200/ide/plugins/com.nxp.mcuxpresso.tools.linux_10.3.0.201811011841/tools/bin/../lib/gcc/arm-none-eabi/7.3.1/../../../../arm-none-eabi/lib/thumb/v6-m/libcr_c.a(fflush.o)
 .ARM.attributes
                0x00000000000006b1       0x31 /usr/local/mcuxpressoide-10.3.0_2200/ide/plugins/com.nxp.mcuxpresso.tools.linux_10.3.0.201811011841/tools/bin/../lib/gcc/arm-none-eabi/7.3.1/../../../../arm-none-eabi/lib/thumb/v6-m/libcr_c.a(remove.o)
 .ARM.attributes
                0x00000000000006e2       0x31 /usr/local/mcuxpressoide-10.3.0_2200/ide/plugins/com.nxp.mcuxpresso.tools.linux_10.3.0.201811011841/tools/bin/../lib/gcc/arm-none-eabi/7.3.1/../../../../arm-none-eabi/lib/thumb/v6-m/libcr_c.a(strlen.o)
 .ARM.attributes
                0x0000000000000713       0x31 /usr/local/mcuxpressoide-10.3.0_2200/ide/plugins/com.nxp.mcuxpresso.tools.linux_10.3.0.201811011841/tools/bin/../lib/gcc/arm-none-eabi/7.3.1/../../../../arm-none-eabi/lib/thumb/v6-m/libcr_c.a(_cr_check_heap.o)
 .ARM.attributes
                0x0000000000000744       0x31 /usr/local/mcuxpressoide-10.3.0_2200/ide/plugins/com.nxp.mcuxpresso.tools.linux_10.3.0.201811011841/tools/bin/../lib/gcc/arm-none-eabi/7.3.1/../../../../arm-none-eabi/lib/thumb/v6-m/libcr_c.a(_do_fflush.o)
 .ARM.attributes
                0x0000000000000775       0x21 /usr/local/mcuxpressoide-10.3.0_2200/ide/plugins/com.nxp.mcuxpresso.tools.linux_10.3.0.201811011841/tools/bin/../lib/gcc/arm-none-eabi/7.3.1/thumb/v6-m/libcr_eabihelpers.a(division_32.o)
 .ARM.attributes
                0x0000000000000796       0x21 /usr/local/mcuxpressoide-10.3.0_2200/ide/plugins/com.nxp.mcuxpresso.tools.linux_10.3.0.201811011841/tools/bin/../lib/gcc/arm-none-eabi/7.3.1/thumb/v6-m/libcr_eabihelpers.a(division_idiv0.o)
 .ARM.attributes
                0x00000000000007b7       0x21 /usr/local/mcuxpressoide-10.3.0_2200/ide/plugins/com.nxp.mcuxpresso.tools.linux_10.3.0.201811011841/tools/bin/../lib/gcc/arm-none-eabi/7.3.1/thumb/v6-m/libcr_eabihelpers.a(memcpy.o)
 .ARM.attributes
                0x00000000000007d8       0x21 /usr/local/mcuxpressoide-10.3.0_2200/ide/plugins/com.nxp.mcuxpresso.tools.linux_10.3.0.201811011841/tools/bin/../lib/gcc/arm-none-eabi/7.3.1/../../../../arm-none-eabi/lib/thumb/v6-m/libcr_semihost_nf.a(__sys_close.o)
 .ARM.attributes
                0x00000000000007f9       0x21 /usr/local/mcuxpressoide-10.3.0_2200/ide/plugins/com.nxp.mcuxpresso.tools.linux_10.3.0.201811011841/tools/bin/../lib/gcc/arm-none-eabi/7.3.1/../../../../arm-none-eabi/lib/thumb/v6-m/libcr_semihost_nf.a(__sys_flen.o)
 .ARM.attributes
                0x000000000000081a       0x21 /usr/local/mcuxpressoide-10.3.0_2200/ide/plugins/com.nxp.mcuxpresso.tools.linux_10.3.0.201811011841/tools/bin/../lib/gcc/arm-none-eabi/7.3.1/../../../../arm-none-eabi/lib/thumb/v6-m/libcr_semihost_nf.a(__sys_istty.o)
 .ARM.attributes
                0x000000000000083b       0x21 /usr/local/mcuxpressoide-10.3.0_2200/ide/plugins/com.nxp.mcuxpresso.tools.linux_10.3.0.201811011841/tools/bin/../lib/gcc/arm-none-eabi/7.3.1/../../../../arm-none-eabi/lib/thumb/v6-m/libcr_semihost_nf.a(__sys_remove.o)
 .ARM.attributes
                0x000000000000085c       0x21 /usr/local/mcuxpressoide-10.3.0_2200/ide/plugins/com.nxp.mcuxpresso.tools.linux_10.3.0.201811011841/tools/bin/../lib/gcc/arm-none-eabi/7.3.1/../../../../arm-none-eabi/lib/thumb/v6-m/libcr_semihost_nf.a(__sys_seek.o)
 .ARM.attributes
                0x000000000000087d       0x21 /usr/local/mcuxpressoide-10.3.0_2200/ide/plugins/com.nxp.mcuxpresso.tools.linux_10.3.0.201811011841/tools/bin/../lib/gcc/arm-none-eabi/7.3.1/../../../../arm-none-eabi/lib/thumb/v6-m/libcr_semihost_nf.a(__sys_tmpnam.o)
 .ARM.attributes
                0x000000000000089e       0x21 /usr/local/mcuxpressoide-10.3.0_2200/ide/plugins/com.nxp.mcuxpresso.tools.linux_10.3.0.201811011841/tools/bin/../lib/gcc/arm-none-eabi/7.3.1/../../../../arm-none-eabi/lib/thumb/v6-m/libcr_semihost_nf.a(__sys_write.o)

.debug_frame    0x0000000000000000     0x178c
 .debug_frame   0x0000000000000000      0x3b0 ./startup/startup_lpc824.o
 .debug_frame   0x00000000000003b0      0x1c4 ./source/LPC824_Project.o
 .debug_frame   0x0000000000000574       0x20 ./source/semihost_hardfault.o
 .debug_frame   0x0000000000000594      0x29c ./drivers/fsl_clock.o
 .debug_frame   0x0000000000000830      0x370 ./drivers/fsl_dma.o
 .debug_frame   0x0000000000000ba0       0x70 ./drivers/fsl_reset.o
 .debug_frame   0x0000000000000c10      0x488 ./drivers/fsl_spi.o
 .debug_frame   0x0000000000001098       0x50 ./drivers/fsl_swm.o
 .debug_frame   0x00000000000010e8      0x3e4 ./drivers/fsl_usart.o
 .debug_frame   0x00000000000014cc       0xa8 ./device/system_LPC824.o
 .debug_frame   0x0000000000001574       0xcc ./board/clock_config.o
 .debug_frame   0x0000000000001640       0x2c ./board/peripherals.o
 .debug_frame   0x000000000000166c      0x120 ./board/pin_mux.o
